2022-01-14 02:42:54.3459 kernel:[    0.000000] Linux version 4.14.49-OpenNetworkLinux (vramachandran@onlbuilder9) (gcc version 6.3.0 20170516 (Debian 6.3.0-18+deb9u1)) #1 SMP Tue Nov 16 14:49:50 UTC 2021
2022-01-14 02:42:54.3460 kernel:[    0.000000] Command line: BOOT_IMAGE=/kernel-4.14-lts-x86_64-all nopat console=ttyS0,115200n8 quiet onl_platform=x86-64-extremenetworks-chassis-9920-r0
2022-01-14 02:42:54.3460 kernel:[    0.000000] x86/fpu: Supporting XSAVE feature 0x001: 'x87 floating point registers'
2022-01-14 02:42:54.3460 kernel:[    0.000000] x86/fpu: Supporting XSAVE feature 0x002: 'SSE registers'
2022-01-14 02:42:54.3460 kernel:[    0.000000] x86/fpu: Supporting XSAVE feature 0x004: 'AVX registers'
2022-01-14 02:42:54.3460 kernel:[    0.000000] x86/fpu: Supporting XSAVE feature 0x008: 'MPX bounds registers'
2022-01-14 02:42:54.3460 kernel:[    0.000000] x86/fpu: Supporting XSAVE feature 0x010: 'MPX CSR'
2022-01-14 02:42:54.3460 kernel:[    0.000000] x86/fpu: Supporting XSAVE feature 0x020: 'AVX-512 opmask'
2022-01-14 02:42:54.3460 kernel:[    0.000000] x86/fpu: Supporting XSAVE feature 0x040: 'AVX-512 Hi256'
2022-01-14 02:42:54.3460 kernel:[    0.000000] x86/fpu: Supporting XSAVE feature 0x080: 'AVX-512 ZMM_Hi256'
2022-01-14 02:42:54.3460 kernel:[    0.000000] x86/fpu: Supporting XSAVE feature 0x200: 'Protection Keys User registers'
2022-01-14 02:42:54.3460 kernel:[    0.000000] x86/fpu: xstate_offset[2]:  576, xstate_sizes[2]:  256
2022-01-14 02:42:54.3460 kernel:[    0.000000] x86/fpu: xstate_offset[3]:  832, xstate_sizes[3]:   64
2022-01-14 02:42:54.3460 kernel:[    0.000000] x86/fpu: xstate_offset[4]:  896, xstate_sizes[4]:   64
2022-01-14 02:42:54.3460 kernel:[    0.000000] x86/fpu: xstate_offset[5]:  960, xstate_sizes[5]:   64
2022-01-14 02:42:54.3460 kernel:[    0.000000] x86/fpu: xstate_offset[6]: 1024, xstate_sizes[6]:  512
2022-01-14 02:42:54.3460 kernel:[    0.000000] x86/fpu: xstate_offset[7]: 1536, xstate_sizes[7]: 1024
2022-01-14 02:42:54.3460 kernel:[    0.000000] x86/fpu: xstate_offset[9]: 2560, xstate_sizes[9]:    8
2022-01-14 02:42:54.3460 kernel:[    0.000000] x86/fpu: Enabled xstate features 0x2ff, context size is 2568 bytes, using 'compacted' format.
2022-01-14 02:42:54.3460 kernel:[    0.000000] e820: BIOS-provided physical RAM map:
2022-01-14 02:42:54.3460 kernel:[    0.000000] BIOS-e820: [mem 0x0000000000000000-0x000000000009ffff] usable
2022-01-14 02:42:54.3460 kernel:[    0.000000] BIOS-e820: [mem 0x00000000000a0000-0x00000000000fffff] reserved
2022-01-14 02:42:54.3460 kernel:[    0.000000] BIOS-e820: [mem 0x0000000000100000-0x000000006de37fff] usable
2022-01-14 02:42:54.3460 kernel:[    0.000000] BIOS-e820: [mem 0x000000006de38000-0x000000006ff37fff] reserved
2022-01-14 02:42:54.3460 kernel:[    0.000000] BIOS-e820: [mem 0x000000006ff38000-0x0000000070104fff] usable
2022-01-14 02:42:54.3460 kernel:[    0.000000] BIOS-e820: [mem 0x0000000070105000-0x0000000070afafff] ACPI NVS
2022-01-14 02:42:54.3460 kernel:[    0.000000] BIOS-e820: [mem 0x0000000070afb000-0x0000000072aa5fff] reserved
2022-01-14 02:42:54.3460 kernel:[    0.000000] BIOS-e820: [mem 0x0000000072aa6000-0x0000000072c0efff] type 20
2022-01-14 02:42:54.3460 kernel:[    0.000000] BIOS-e820: [mem 0x0000000072c0f000-0x0000000073ffffff] usable
2022-01-14 02:42:54.3460 kernel:[    0.000000] BIOS-e820: [mem 0x0000000074000000-0x000000008fffffff] reserved
2022-01-14 02:42:54.3460 kernel:[    0.000000] BIOS-e820: [mem 0x00000000fd000000-0x00000000fe7fffff] reserved
2022-01-14 02:42:54.3460 kernel:[    0.000000] BIOS-e820: [mem 0x00000000ff000000-0x00000000ffffffff] reserved
2022-01-14 02:42:54.3460 kernel:[    0.000000] BIOS-e820: [mem 0x0000000100000000-0x000000207fffffff] usable
2022-01-14 02:42:54.3460 kernel:[    0.000000] x86/PAT: PAT support disabled.
2022-01-14 02:42:54.3460 kernel:[    0.000000] NX (Execute Disable) protection: active
2022-01-14 02:42:54.3460 kernel:[    0.000000] efi: EFI v2.60 by American Megatrends
2022-01-14 02:42:54.3460 kernel:[    0.000000] efi:  ACPI 2.0=0x70105000  ACPI=0x70105000  SMBIOS=0x72751000  SMBIOS 3.0=0x72750000  MEMATTR=0x6c1aa098  ESRT=0x6c1bcb98 
2022-01-14 02:42:54.3460 kernel:[    0.000000] SMBIOS 3.1.1 present.
2022-01-14 02:42:54.3460 kernel:[    0.000000] DMI: Extreme Angel Eyes/Default string, BIOS 1A25 10/25/2021
2022-01-14 02:42:54.3460 kernel:[    0.000000] e820: last_pfn = 0x2080000 max_arch_pfn = 0x400000000
2022-01-14 02:42:54.3460 kernel:[    0.000000] x86/PAT: Configuration [0-7]: WB  WT  UC- UC  WB  WT  UC- UC  
2022-01-14 02:42:54.3460 kernel:[    0.000000] e820: last_pfn = 0x74000 max_arch_pfn = 0x400000000
2022-01-14 02:42:54.3460 kernel:[    0.000000] esrt: Reserving ESRT space from 0x000000006c1bcb98 to 0x000000006c1bcbd0.
2022-01-14 02:42:54.3460 kernel:[    0.000000] Scanning 1 areas for low memory corruption
2022-01-14 02:42:54.3461 kernel:[    0.000000] Using GB pages for direct mapping
2022-01-14 02:42:54.3461 kernel:[    0.000000] Secure boot could not be determined
2022-01-14 02:42:54.3461 kernel:[    0.000000] RAMDISK: [mem 0x36a09000-0x374fbfff]
2022-01-14 02:42:54.3461 kernel:[    0.000000] ACPI: Early table checksum verification disabled
2022-01-14 02:42:54.3461 kernel:[    0.000000] ACPI: RSDP 0x0000000070105000 000024 (v02 ALASKA)
2022-01-14 02:42:54.3461 kernel:[    0.000000] ACPI: XSDT 0x00000000701050D0 00011C (v01 ALASKA A M I    01072009 AMI  00010013)
2022-01-14 02:42:54.3461 kernel:[    0.000000] ACPI: FACP 0x0000000070148E68 000114 (v06 ALASKA A M I    01072009 INTL 20091013)
2022-01-14 02:42:54.3461 kernel:[    0.000000] ACPI: DSDT 0x0000000070105280 043BE6 (v02 ALASKA A M I    01072009 INTL 20091013)
2022-01-14 02:42:54.3461 kernel:[    0.000000] ACPI: FACS 0x0000000070AF9080 000040
2022-01-14 02:42:54.3461 kernel:[    0.000000] ACPI: FPDT 0x0000000070148F80 000044 (v01 ALASKA A M I    01072009 AMI  00010013)
2022-01-14 02:42:54.3461 kernel:[    0.000000] ACPI: FIDT 0x0000000070148FC8 00009C (v01 ALASKA A M I    01072009 AMI  00010013)
2022-01-14 02:42:54.3461 kernel:[    0.000000] ACPI: SPMI 0x0000000070149068 000041 (v05 ALASKA A M I    00000000 AMI. 00000000)
2022-01-14 02:42:54.3461 kernel:[    0.000000] ACPI: UEFI 0x00000000701490B0 000048 (v01 ALASKA A M I    01072009      01000013)
2022-01-14 02:42:54.3461 kernel:[    0.000000] ACPI: MCFG 0x00000000701490F8 00003C (v01 ALASKA A M I    01072009 MSFT 00000097)
2022-01-14 02:42:54.3461 kernel:[    0.000000] ACPI: HPET 0x0000000070149138 000038 (v01 ALASKA A M I    00000001 INTL 20091013)
2022-01-14 02:42:54.3461 kernel:[    0.000000] ACPI: APIC 0x0000000070149170 00071E (v03 ALASKA A M I    00000000 INTL 20091013)
2022-01-14 02:42:54.3461 kernel:[    0.000000] ACPI: MIGT 0x0000000070149890 000040 (v01 ALASKA A M I    00000000 INTL 20091013)
2022-01-14 02:42:54.3461 kernel:[    0.000000] ACPI: MSCT 0x00000000701498D0 00004E (v01 ALASKA A M I    00000001 INTL 20091013)
2022-01-14 02:42:54.3461 kernel:[    0.000000] ACPI: PCAT 0x0000000070149920 000068 (v02 ALASKA A M I    00000002 INTL 20091013)
2022-01-14 02:42:54.3461 kernel:[    0.000000] ACPI: PCCT 0x0000000070149988 00006E (v01 ALASKA A M I    00000002 INTL 20091013)
2022-01-14 02:42:54.3461 kernel:[    0.000000] ACPI: RASF 0x00000000701499F8 000030 (v01 ALASKA A M I    00000001 INTL 20091013)
2022-01-14 02:42:54.3461 kernel:[    0.000000] ACPI: SLIT 0x0000000070149A28 00002D (v01 ALASKA A M I    00000001 INTL 20091013)
2022-01-14 02:42:54.3461 kernel:[    0.000000] ACPI: SRAT 0x0000000070149A58 000A30 (v03 ALASKA A M I    00000002 INTL 20091013)
2022-01-14 02:42:54.3461 kernel:[    0.000000] ACPI: SVOS 0x000000007014A488 000032 (v01 ALASKA A M I    00000000 INTL 20091013)
2022-01-14 02:42:54.3461 kernel:[    0.000000] ACPI: WDDT 0x000000007014A4C0 000040 (v01 ALASKA A M I    00000000 INTL 20091013)
2022-01-14 02:42:54.3461 kernel:[    0.000000] ACPI: OEM4 0x000000007014A500 028A0C (v02 INTEL  CPU  CST 00003000 INTL 20140828)
2022-01-14 02:42:54.3461 kernel:[    0.000000] ACPI: OEM1 0x0000000070172F10 00A8CC (v02 INTEL  CPU EIST 00003000 INTL 20140828)
2022-01-14 02:42:54.3461 kernel:[    0.000000] ACPI: OEM2 0x000000007017D7E0 006534 (v02 INTEL  CPU  HWP 00003000 INTL 20140828)
2022-01-14 02:42:54.3461 kernel:[    0.000000] ACPI: SSDT 0x0000000070183D18 00CEB8 (v02 INTEL  SSDT  PM 00004000 INTL 20140828)
2022-01-14 02:42:54.3461 kernel:[    0.000000] ACPI: SSDT 0x0000000070190BD0 00065B (v02 ALASKA A M I    00000000 INTL 20091013)
2022-01-14 02:42:54.3461 kernel:[    0.000000] ACPI: SPCR 0x0000000070191230 000050 (v02 A M I  APTIO V  01072009 AMI. 0005000E)
2022-01-14 02:42:54.3461 kernel:[    0.000000] ACPI: TPM2 0x0000000070191280 000034 (v04 ALASKA A M I    00000001 AMI  00000000)
2022-01-14 02:42:54.3461 kernel:[    0.000000] ACPI: SSDT 0x00000000701912B8 001368 (v02 INTEL  SpsNm    00000002 INTL 20140828)
2022-01-14 02:42:54.3462 kernel:[    0.000000] ACPI: DMAR 0x0000000070192620 000158 (v01 ALASKA A M I    00000001 INTL 20091013)
2022-01-14 02:42:54.3462 kernel:[    0.000000] ACPI: HEST 0x0000000070192778 0000A8 (v01 ALASKA A M I    00000001 INTL 00000001)
2022-01-14 02:42:54.3462 kernel:[    0.000000] ACPI: BERT 0x0000000070192820 000030 (v01 ALASKA A M I    00000001 INTL 00000001)
2022-01-14 02:42:54.3462 kernel:[    0.000000] ACPI: ERST 0x0000000070192850 000230 (v01 ALASKA A M I    00000001 INTL 00000001)
2022-01-14 02:42:54.3462 kernel:[    0.000000] ACPI: EINJ 0x0000000070192A80 000150 (v01 ALASKA A M I    00000001 INTL 00000001)
2022-01-14 02:42:54.3462 kernel:[    0.000000] ACPI: WSMT 0x0000000070192BD0 000028 (v01 ALASKA A M I    01072009 AMI  00010013)
2022-01-14 02:42:54.3462 kernel:[    0.000000] Zone ranges:
2022-01-14 02:42:54.3462 kernel:[    0.000000]   DMA      [mem 0x0000000000001000-0x0000000000ffffff]
2022-01-14 02:42:54.3462 kernel:[    0.000000]   DMA32    [mem 0x0000000001000000-0x00000000ffffffff]
2022-01-14 02:42:54.3462 kernel:[    0.000000]   Normal   [mem 0x0000000100000000-0x000000207fffffff]
2022-01-14 02:42:54.3462 kernel:[    0.000000] Movable zone start for each node
2022-01-14 02:42:54.3462 kernel:[    0.000000] Early memory node ranges
2022-01-14 02:42:54.3462 kernel:[    0.000000]   node   0: [mem 0x0000000000001000-0x000000000009ffff]
2022-01-14 02:42:54.3462 kernel:[    0.000000]   node   0: [mem 0x0000000000100000-0x000000006de37fff]
2022-01-14 02:42:54.3462 kernel:[    0.000000]   node   0: [mem 0x000000006ff38000-0x0000000070104fff]
2022-01-14 02:42:54.3462 kernel:[    0.000000]   node   0: [mem 0x0000000072c0f000-0x0000000073ffffff]
2022-01-14 02:42:54.3462 kernel:[    0.000000]   node   0: [mem 0x0000000100000000-0x000000207fffffff]
2022-01-14 02:42:54.3462 kernel:[    0.000000] Initmem setup node 0 [mem 0x0000000000001000-0x000000207fffffff]
2022-01-14 02:42:54.3463 kernel:[    0.000000] ACPI: PM-Timer IO Port: 0x508
2022-01-14 02:42:54.3463 kernel:[    0.000000] ACPI: X2APIC_NMI (uid[0xffffffff] high level lint[0x1])
2022-01-14 02:42:54.3463 kernel:[    0.000000] ACPI: LAPIC_NMI (acpi_id[0xff] high level lint[0x1])
2022-01-14 02:42:54.3463 kernel:[    0.000000] IOAPIC[0]: apic_id 8, version 32, address 0xfec00000, GSI 0-23
2022-01-14 02:42:54.3463 kernel:[    0.000000] IOAPIC[1]: apic_id 9, version 32, address 0xfec01000, GSI 24-31
2022-01-14 02:42:54.3463 kernel:[    0.000000] IOAPIC[2]: apic_id 10, version 32, address 0xfec08000, GSI 32-39
2022-01-14 02:42:54.3463 kernel:[    0.000000] IOAPIC[3]: apic_id 11, version 32, address 0xfec10000, GSI 40-47
2022-01-14 02:42:54.3463 kernel:[    0.000000] IOAPIC[4]: apic_id 12, version 32, address 0xfec18000, GSI 48-55
2022-01-14 02:42:54.3463 kernel:[    0.000000] ACPI: INT_SRC_OVR (bus 0 bus_irq 0 global_irq 2 dfl dfl)
2022-01-14 02:42:54.3463 kernel:[    0.000000] ACPI: INT_SRC_OVR (bus 0 bus_irq 9 global_irq 9 high level)
2022-01-14 02:42:54.3463 kernel:[    0.000000] Using ACPI (MADT) for SMP configuration information
2022-01-14 02:42:54.3463 kernel:[    0.000000] ACPI: HPET id: 0x8086a701 base: 0xfed00000
2022-01-14 02:42:54.3463 kernel:[    0.000000] smpboot: Allowing 24 CPUs, 0 hotplug CPUs
2022-01-14 02:42:54.3463 kernel:[    0.000000] e820: [mem 0x90000000-0xfcffffff] available for PCI devices
2022-01-14 02:42:54.3463 kernel:[    0.000000] clocksource: refined-jiffies: mask: 0xffffffff max_cycles: 0xffffffff, max_idle_ns: 7645519600211568 ns
2022-01-14 02:42:54.3463 kernel:[    0.000000] setup_percpu: NR_CPUS:64 nr_cpumask_bits:64 nr_cpu_ids:24 nr_node_ids:1
2022-01-14 02:42:54.3463 kernel:[    0.000000] percpu: Embedded 43 pages/cpu @ffff88207f800000 s137624 r8192 d30312 u262144
2022-01-14 02:42:54.3463 kernel:[    0.000000] Built 1 zonelists, mobility grouping on.  Total pages: 32962475
2022-01-14 02:42:54.3463 kernel:[    0.000000] Kernel command line: BOOT_IMAGE=/kernel-4.14-lts-x86_64-all nopat console=ttyS0,115200n8 quiet onl_platform=x86-64-extremenetworks-chassis-9920-r0
2022-01-14 02:42:54.3463 kernel:[    0.000000] PID hash table entries: 4096 (order: 3, 32768 bytes)
2022-01-14 02:42:54.3463 kernel:[    0.000000] Dentry cache hash table entries: 8388608 (order: 14, 67108864 bytes)
2022-01-14 02:42:54.3463 kernel:[    0.000000] Inode-cache hash table entries: 4194304 (order: 13, 33554432 bytes)
2022-01-14 02:42:54.3463 kernel:[    0.000000] Memory: 131607340K/133942868K available (14348K kernel code, 1306K rwdata, 3428K rodata, 1124K init, 664K bss, 2335528K reserved, 0K cma-reserved)
2022-01-14 02:42:54.3463 kernel:[    0.000000] SLUB: HWalign=64, Order=0-3, MinObjects=0, CPUs=24, Nodes=1
2022-01-14 02:42:54.3463 kernel:[    0.000000] Kernel/User page tables isolation: enabled
2022-01-14 02:42:54.3463 kernel:[    0.000000] Hierarchical RCU implementation.
2022-01-14 02:42:54.3463 kernel:[    0.000000] 	RCU event tracing is enabled.
2022-01-14 02:42:54.3463 kernel:[    0.000000] 	RCU dyntick-idle grace-period acceleration is enabled.
2022-01-14 02:42:54.3463 kernel:[    0.000000] 	RCU restricting CPUs from NR_CPUS=64 to nr_cpu_ids=24.
2022-01-14 02:42:54.3463 kernel:[    0.000000] RCU: Adjusting geometry for rcu_fanout_leaf=16, nr_cpu_ids=24
2022-01-14 02:42:54.3463 kernel:[    0.000000] NR_IRQS: 4352, nr_irqs: 1160, preallocated irqs: 16
2022-01-14 02:42:54.3463 kernel:[    0.000000] Console: colour dummy device 80x25
2022-01-14 02:42:54.3463 kernel:[    0.000000] console [ttyS0] enabled
2022-01-14 02:42:54.3463 kernel:[    0.000000] clocksource: hpet: mask: 0xffffffff max_cycles: 0xffffffff, max_idle_ns: 79635855245 ns
2022-01-14 02:42:54.3463 kernel:[    0.004000] tsc: Detected 2100.000 MHz processor
2022-01-14 02:42:54.3463 kernel:[    0.004000] Calibrating delay loop (skipped), value calculated using timer frequency.. 4200.00 BogoMIPS (lpj=8400000)
2022-01-14 02:42:54.3463 kernel:[    0.004000] pid_max: default: 32768 minimum: 301
2022-01-14 02:42:54.3463 kernel:[    0.004000] ACPI: Core revision 20170728
2022-01-14 02:42:54.3463 kernel:[    0.050160] ACPI: 4 ACPI AML tables successfully acquired and loaded
2022-01-14 02:42:54.3463 kernel:[    0.050821] Security Framework initialized
2022-01-14 02:42:54.3463 kernel:[    0.050955] Mount-cache hash table entries: 131072 (order: 8, 1048576 bytes)
2022-01-14 02:42:54.3463 kernel:[    0.051059] Mountpoint-cache hash table entries: 131072 (order: 8, 1048576 bytes)
2022-01-14 02:42:54.3463 kernel:[    0.051277] CPU: Physical Processor ID: 0
2022-01-14 02:42:54.3463 kernel:[    0.051277] CPU: Processor Core ID: 0
2022-01-14 02:42:54.3463 kernel:[    0.051282] ENERGY_PERF_BIAS: Set to 'normal', was 'performance'
2022-01-14 02:42:54.3463 kernel:[    0.051283] ENERGY_PERF_BIAS: View and update with x86_energy_perf_policy(8)
2022-01-14 02:42:54.3463 kernel:[    0.051292] mce: CPU supports 20 MCE banks
2022-01-14 02:42:54.3463 kernel:[    0.051308] CPU0: Thermal monitoring enabled (TM1)
2022-01-14 02:42:54.3463 kernel:[    0.051359] process: using mwait in idle threads
2022-01-14 02:42:54.3463 kernel:[    0.051361] Last level iTLB entries: 4KB 64, 2MB 8, 4MB 8
2022-01-14 02:42:54.3463 kernel:[    0.051361] Last level dTLB entries: 4KB 64, 2MB 0, 4MB 0, 1GB 4
2022-01-14 02:42:54.3463 kernel:[    0.051363] Spectre V2 : Mitigation: Full generic retpoline
2022-01-14 02:42:54.3463 kernel:[    0.051364] Spectre V2 : Spectre v2 mitigation: Filling RSB on context switch
2022-01-14 02:42:54.3463 kernel:[    0.051364] Spectre V2 : Spectre v2 mitigation: Enabling Indirect Branch Prediction Barrier
2022-01-14 02:42:54.3463 kernel:[    0.051365] Spectre V2 : Enabling Restricted Speculation for firmware calls
2022-01-14 02:42:54.3464 kernel:[    0.051366] Speculative Store Bypass: Mitigation: Speculative Store Bypass disabled via prctl and seccomp
2022-01-14 02:42:54.3464 kernel:[    0.051482] Freeing SMP alternatives memory: 44K
2022-01-14 02:42:54.3464 kernel:[    0.052907] smpboot: Max logical packages: 2
2022-01-14 02:42:54.3464 kernel:[    0.052912] DMAR: Host address width 46
2022-01-14 02:42:54.3464 kernel:[    0.052913] DMAR: DRHD base: 0x000000c5ffc000 flags: 0x0
2022-01-14 02:42:54.3464 kernel:[    0.052919] DMAR: dmar0: reg_base_addr c5ffc000 ver 1:0 cap 8d2078c106f0466 ecap f020df
2022-01-14 02:42:54.3464 kernel:[    0.052920] DMAR: DRHD base: 0x000000e0ffc000 flags: 0x0
2022-01-14 02:42:54.3464 kernel:[    0.052924] DMAR: dmar1: reg_base_addr e0ffc000 ver 1:0 cap 8d2078c106f0466 ecap f020df
2022-01-14 02:42:54.3464 kernel:[    0.052925] DMAR: DRHD base: 0x000000fbffc000 flags: 0x0
2022-01-14 02:42:54.3464 kernel:[    0.052928] DMAR: dmar2: reg_base_addr fbffc000 ver 1:0 cap 8d2078c106f0466 ecap f020df
2022-01-14 02:42:54.3464 kernel:[    0.052929] DMAR: DRHD base: 0x000000aaffc000 flags: 0x1
2022-01-14 02:42:54.3464 kernel:[    0.052932] DMAR: dmar3: reg_base_addr aaffc000 ver 1:0 cap 8d2078c106f0466 ecap f020df
2022-01-14 02:42:54.3464 kernel:[    0.052933] DMAR: RMRR base: 0x00000072770000 end: 0x00000072780fff
2022-01-14 02:42:54.3464 kernel:[    0.052934] DMAR: ATSR flags: 0x0
2022-01-14 02:42:54.3464 kernel:[    0.052935] DMAR: RHSA base: 0x000000aaffc000 proximity domain: 0x0
2022-01-14 02:42:54.3464 kernel:[    0.052936] DMAR: RHSA base: 0x000000c5ffc000 proximity domain: 0x0
2022-01-14 02:42:54.3464 kernel:[    0.052937] DMAR: RHSA base: 0x000000e0ffc000 proximity domain: 0x0
2022-01-14 02:42:54.3464 kernel:[    0.052937] DMAR: RHSA base: 0x000000fbffc000 proximity domain: 0x0
2022-01-14 02:42:54.3464 kernel:[    0.052940] DMAR-IR: IOAPIC id 12 under DRHD base  0xfbffc000 IOMMU 2
2022-01-14 02:42:54.3464 kernel:[    0.052941] DMAR-IR: IOAPIC id 11 under DRHD base  0xe0ffc000 IOMMU 1
2022-01-14 02:42:54.3465 kernel:[    0.052942] DMAR-IR: IOAPIC id 10 under DRHD base  0xc5ffc000 IOMMU 0
2022-01-14 02:42:54.3465 kernel:[    0.052944] DMAR-IR: IOAPIC id 8 under DRHD base  0xaaffc000 IOMMU 3
2022-01-14 02:42:54.3465 kernel:[    0.052945] DMAR-IR: IOAPIC id 9 under DRHD base  0xaaffc000 IOMMU 3
2022-01-14 02:42:54.3465 kernel:[    0.052946] DMAR-IR: HPET id 0 under DRHD base 0xaaffc000
2022-01-14 02:42:54.3465 kernel:[    0.052947] DMAR-IR: x2apic is disabled because BIOS sets x2apic opt out bit.
2022-01-14 02:42:54.3465 kernel:[    0.052947] DMAR-IR: Use 'intremap=no_x2apic_optout' to override the BIOS setting.
2022-01-14 02:42:54.3465 kernel:[    0.053666] DMAR-IR: Enabled IRQ remapping in xapic mode
2022-01-14 02:42:54.3465 kernel:[    0.053667] x2apic: IRQ remapping doesn't support X2APIC mode
2022-01-14 02:42:54.3465 kernel:[    0.053677] Switched APIC routing to physical flat.
2022-01-14 02:42:54.3465 kernel:[    0.056618] ..TIMER: vector=0x30 apic1=0 pin1=2 apic2=-1 pin2=-1
2022-01-14 02:42:54.3465 kernel:[    0.096328] smpboot: CPU0: Intel(R) Xeon(R) D-2163IT CPU @ 2.10GHz (family: 0x6, model: 0x55, stepping: 0x4)
2022-01-14 02:42:54.3465 kernel:[    0.096394] Performance Events: PEBS fmt3+, Skylake events, 32-deep LBR, full-width counters, Intel PMU driver.
2022-01-14 02:42:54.3465 kernel:[    0.096432] ... version:                4
2022-01-14 02:42:54.3465 kernel:[    0.096433] ... bit width:              48
2022-01-14 02:42:54.3465 kernel:[    0.096433] ... generic registers:      4
2022-01-14 02:42:54.3465 kernel:[    0.096434] ... value mask:             0000ffffffffffff
2022-01-14 02:42:54.3465 kernel:[    0.096435] ... max period:             00007fffffffffff
2022-01-14 02:42:54.3465 kernel:[    0.096435] ... fixed-purpose events:   3
2022-01-14 02:42:54.3465 kernel:[    0.096436] ... event mask:             000000070000000f
2022-01-14 02:42:54.3465 kernel:[    0.096480] Hierarchical SRCU implementation.
2022-01-14 02:42:54.3465 kernel:[    0.098315] NMI watchdog: Enabled. Permanently consumes one hw-PMU counter.
2022-01-14 02:42:54.3465 kernel:[    0.098328] smp: Bringing up secondary CPUs ...
2022-01-14 02:42:54.3465 kernel:[    0.098393] x86: Booting SMP configuration:
2022-01-14 02:42:54.3465 kernel:[    0.098394] .... node  #0, CPUs:        #1  #2  #3  #4  #5  #6  #7  #8  #9 #10 #11 #12 #13 #14 #15 #16 #17 #18 #19 #20 #21 #22 #23
2022-01-14 02:42:54.3465 kernel:[    0.137861] smp: Brought up 1 node, 24 CPUs
2022-01-14 02:42:54.3465 kernel:[    0.137861] ----------------
2022-01-14 02:42:54.3465 kernel:[    0.137861] | NMI testsuite:
2022-01-14 02:42:54.3465 kernel:[    0.137861] --------------------
2022-01-14 02:42:54.3465 kernel:[    0.137861]   remote IPI:  ok  |
2022-01-14 02:42:54.3465 kernel:[    0.140008]    local IPI:  ok  |
2022-01-14 02:42:54.3465 kernel:[    0.140017] --------------------
2022-01-14 02:42:54.3465 kernel:[    0.140017] Good, all   2 testcases passed! |
2022-01-14 02:42:54.3465 kernel:[    0.140018] ---------------------------------
2022-01-14 02:42:54.3465 kernel:[    0.140020] smpboot: Total of 24 processors activated (100800.00 BogoMIPS)
2022-01-14 02:42:54.3465 kernel:[    0.147028] devtmpfs: initialized
2022-01-14 02:42:54.3465 kernel:[    0.147028] x86/mm: Memory block size: 2048MB
2022-01-14 02:42:54.3465 kernel:[    0.147028] clocksource: jiffies: mask: 0xffffffff max_cycles: 0xffffffff, max_idle_ns: 7645041785100000 ns
2022-01-14 02:42:54.3465 kernel:[    0.147028] futex hash table entries: 8192 (order: 7, 524288 bytes)
2022-01-14 02:42:54.3465 kernel:[    0.147028] kworker/u48:0 (154) used greatest stack depth: 14240 bytes left
2022-01-14 02:42:54.3465 kernel:[    0.147028] pinctrl core: initialized pinctrl subsystem
2022-01-14 02:42:54.3465 kernel:[    0.149235] NET: Registered protocol family 16
2022-01-14 02:42:54.3465 kernel:[    0.149390] cpuidle: using governor ladder
2022-01-14 02:42:54.3465 kernel:[    0.149390] cpuidle: using governor menu
2022-01-14 02:42:54.3465 kernel:[    0.149390] Error parsing PCC subspaces from PCCT
2022-01-14 02:42:54.3465 kernel:[    0.152125] ACPI: bus type PCI registered
2022-01-14 02:42:54.3465 kernel:[    0.152173] PCI: MMCONFIG for domain 0000 [bus 00-ff] at [mem 0x80000000-0x8fffffff] (base 0x80000000)
2022-01-14 02:42:54.3465 kernel:[    0.152175] PCI: MMCONFIG at [mem 0x80000000-0x8fffffff] reserved in E820
2022-01-14 02:42:54.3465 kernel:[    0.152182] pmd_set_huge: Cannot satisfy [mem 0x80000000-0x80200000] with a huge-page mapping due to MTRR override.
2022-01-14 02:42:54.3465 kernel:[    0.152338] PCI: Using configuration type 1 for base access
2022-01-14 02:42:54.3465 kernel:[    0.156053] HugeTLB registered 1.00 GiB page size, pre-allocated 0 pages
2022-01-14 02:42:54.3465 kernel:[    0.156053] HugeTLB registered 2.00 MiB page size, pre-allocated 0 pages
2022-01-14 02:42:54.3465 kernel:[    0.156093] ACPI: Added _OSI(Module Device)
2022-01-14 02:42:54.3465 kernel:[    0.156094] ACPI: Added _OSI(Processor Device)
2022-01-14 02:42:54.3465 kernel:[    0.156094] ACPI: Added _OSI(3.0 _SCP Extensions)
2022-01-14 02:42:54.3465 kernel:[    0.156095] ACPI: Added _OSI(Processor Aggregator Device)
2022-01-14 02:42:54.3465 kernel:[    0.171767] ACPI: [Firmware Bug]: BIOS _OSI(Linux) query ignored
2022-01-14 02:42:54.3466 kernel:[    0.186974] ACPI: Dynamic OEM Table Load:
2022-01-14 02:42:54.3466 kernel:[    0.192024] ACPI: Dynamic OEM Table Load:
2022-01-14 02:42:54.3466 kernel:[    0.193492] ACPI: Dynamic OEM Table Load:
2022-01-14 02:42:54.3466 kernel:[    0.217540] ACPI: Interpreter enabled
2022-01-14 02:42:54.3466 kernel:[    0.217546] ACPI: (supports S0 S5)
2022-01-14 02:42:54.3466 kernel:[    0.217547] ACPI: Using IOAPIC for interrupt routing
2022-01-14 02:42:54.3466 kernel:[    0.217579] PCI: Using host bridge windows from ACPI; if necessary, use "pci=nocrs" and report a bug
2022-01-14 02:42:54.3466 kernel:[    0.218146] ACPI: Enabled 6 GPEs in block 00 to 7F
2022-01-14 02:42:54.3466 kernel:[    0.250395] ACPI: PCI Root Bridge [PC00] (domain 0000 [bus 00-15])
2022-01-14 02:42:54.3466 kernel:[    0.250399] acpi PNP0A08:00: _OSC: OS supports [ExtendedConfig ASPM ClockPM Segments MSI]
2022-01-14 02:42:54.3466 kernel:[    0.250481] acpi PNP0A08:00: _OSC: platform does not support [AER]
2022-01-14 02:42:54.3466 kernel:[    0.250554] acpi PNP0A08:00: _OSC: OS now controls [PCIeHotplug PME PCIeCapability]
2022-01-14 02:42:54.3466 kernel:[    0.250707] PCI host bridge to bus 0000:00
2022-01-14 02:42:54.3466 kernel:[    0.250709] pci_bus 0000:00: root bus resource [io  0x0000-0x03af window]
2022-01-14 02:42:54.3466 kernel:[    0.250711] pci_bus 0000:00: root bus resource [io  0x03e0-0x0cf7 window]
2022-01-14 02:42:54.3466 kernel:[    0.250712] pci_bus 0000:00: root bus resource [io  0x03b0-0x03bb window]
2022-01-14 02:42:54.3466 kernel:[    0.250713] pci_bus 0000:00: root bus resource [io  0x03c0-0x03df window]
2022-01-14 02:42:54.3466 kernel:[    0.250715] pci_bus 0000:00: root bus resource [io  0x1000-0xa7ff window]
2022-01-14 02:42:54.3466 kernel:[    0.250716] pci_bus 0000:00: root bus resource [mem 0x000a0000-0x000bffff window]
2022-01-14 02:42:54.3466 kernel:[    0.250718] pci_bus 0000:00: root bus resource [mem 0x000c4000-0x000c7fff window]
2022-01-14 02:42:54.3466 kernel:[    0.250719] pci_bus 0000:00: root bus resource [mem 0xfe010000-0xfe010fff window]
2022-01-14 02:42:54.3466 kernel:[    0.250720] pci_bus 0000:00: root bus resource [mem 0x90000000-0xaaffffff window]
2022-01-14 02:42:54.3466 kernel:[    0.250722] pci_bus 0000:00: root bus resource [mem 0x380000000000-0x38003fffffff window]
2022-01-14 02:42:54.3466 kernel:[    0.250724] pci_bus 0000:00: root bus resource [bus 00-15]
2022-01-14 02:42:54.3468 kernel:[    0.255738] pci 0000:00:1c.0: PCI bridge to [bus 01]
2022-01-14 02:42:54.3468 kernel:[    0.268042] pci 0000:00:1c.6: PCI bridge to [bus 02]
2022-01-14 02:42:54.3468 kernel:[    0.268933] ACPI: PCI Root Bridge [PC01] (domain 0000 [bus 16-63])
2022-01-14 02:42:54.3468 kernel:[    0.268936] acpi PNP0A08:01: _OSC: OS supports [ExtendedConfig ASPM ClockPM Segments MSI]
2022-01-14 02:42:54.3468 kernel:[    0.269332] acpi PNP0A08:01: _OSC: platform does not support [AER]
2022-01-14 02:42:54.3468 kernel:[    0.269565] acpi PNP0A08:01: _OSC: OS now controls [PCIeHotplug PME PCIeCapability]
2022-01-14 02:42:54.3468 kernel:[    0.269579] acpi PNP0A08:01: host bridge window [io  0x0000 window] (ignored, not CPU addressable)
2022-01-14 02:42:54.3468 kernel:[    0.269594] PCI host bridge to bus 0000:16
2022-01-14 02:42:54.3468 kernel:[    0.269595] pci_bus 0000:16: root bus resource [mem 0xab000000-0xc5ffffff window]
2022-01-14 02:42:54.3468 kernel:[    0.269597] pci_bus 0000:16: root bus resource [mem 0x380040000000-0x38007fffffff window]
2022-01-14 02:42:54.3468 kernel:[    0.269599] pci_bus 0000:16: root bus resource [bus 16-63]
2022-01-14 02:42:54.3469 kernel:[    0.272807] ACPI: PCI Root Bridge [PC02] (domain 0000 [bus 64-b1])
2022-01-14 02:42:54.3469 kernel:[    0.272810] acpi PNP0A08:02: _OSC: OS supports [ExtendedConfig ASPM ClockPM Segments MSI]
2022-01-14 02:42:54.3469 kernel:[    0.273187] acpi PNP0A08:02: _OSC: platform does not support [AER]
2022-01-14 02:42:54.3469 kernel:[    0.273399] acpi PNP0A08:02: _OSC: OS now controls [PCIeHotplug PME PCIeCapability]
2022-01-14 02:42:54.3469 kernel:[    0.273426] PCI host bridge to bus 0000:64
2022-01-14 02:42:54.3469 kernel:[    0.273427] pci_bus 0000:64: root bus resource [io  0xa800-0xcfff window]
2022-01-14 02:42:54.3469 kernel:[    0.273429] pci_bus 0000:64: root bus resource [mem 0xc6000000-0xe0ffffff window]
2022-01-14 02:42:54.3469 kernel:[    0.273430] pci_bus 0000:64: root bus resource [mem 0x380080000000-0x3800bfffffff window]
2022-01-14 02:42:54.3469 kernel:[    0.273432] pci_bus 0000:64: root bus resource [bus 64-b1]
2022-01-14 02:42:54.3470 kernel:[    0.273668] pci 0000:64:02.0: enabling Extended Tags
2022-01-14 02:42:54.3470 kernel:[    0.284022] pci 0000:64:00.0: PCI bridge to [bus 65]
2022-01-14 02:42:54.3470 kernel:[    0.284283] pci 0000:64:01.0: PCI bridge to [bus 66]
2022-01-14 02:42:54.3470 kernel:[    0.296041] pci 0000:64:02.0: PCI bridge to [bus 67]
2022-01-14 02:42:54.3470 kernel:[    0.296173] ACPI: PCI Root Bridge [PC03] (domain 0000 [bus b2-ff])
2022-01-14 02:42:54.3470 kernel:[    0.296176] acpi PNP0A08:03: _OSC: OS supports [ExtendedConfig ASPM ClockPM Segments MSI]
2022-01-14 02:42:54.3470 kernel:[    0.296566] acpi PNP0A08:03: _OSC: platform does not support [AER]
2022-01-14 02:42:54.3470 kernel:[    0.296776] acpi PNP0A08:03: _OSC: OS now controls [PCIeHotplug PME PCIeCapability]
2022-01-14 02:42:54.3471 kernel:[    0.296803] PCI host bridge to bus 0000:b2
2022-01-14 02:42:54.3471 kernel:[    0.296805] pci_bus 0000:b2: root bus resource [io  0xd000-0xffff window]
2022-01-14 02:42:54.3471 kernel:[    0.296806] pci_bus 0000:b2: root bus resource [mem 0xe1000000-0xfbffffff window]
2022-01-14 02:42:54.3471 kernel:[    0.296808] pci_bus 0000:b2: root bus resource [mem 0x3800c0000000-0x3800ffffffff window]
2022-01-14 02:42:54.3471 kernel:[    0.296809] pci_bus 0000:b2: root bus resource [bus b2-ff]
2022-01-14 02:42:54.3471 kernel:[    0.296845] pci 0000:b2:00.0: enabling Extended Tags
2022-01-14 02:42:54.3471 kernel:[    0.308025] pci 0000:b2:00.0: PCI bridge to [bus b3-b5]
2022-01-14 02:42:54.3472 kernel:[    0.308308] pci 0000:b3:00.0: PCI bridge to [bus b4-b5]
2022-01-14 02:42:54.3472 kernel:[    0.308412] pci 0000:b5:00.0: enabling Extended Tags
2022-01-14 02:42:54.3472 kernel:[    0.308504] pci 0000:b5:00.0: VF(n) BAR0 space: [mem 0x00000000-0x003fffff 64bit pref] (contains BAR0 for 32 VFs)
2022-01-14 02:42:54.3472 kernel:[    0.308517] pci 0000:b5:00.0: VF(n) BAR3 space: [mem 0x00000000-0x0007ffff 64bit pref] (contains BAR3 for 32 VFs)
2022-01-14 02:42:54.3472 kernel:[    0.308692] pci 0000:b5:00.1: enabling Extended Tags
2022-01-14 02:42:54.3472 kernel:[    0.308773] pci 0000:b5:00.1: VF(n) BAR0 space: [mem 0x00000000-0x003fffff 64bit pref] (contains BAR0 for 32 VFs)
2022-01-14 02:42:54.3472 kernel:[    0.308786] pci 0000:b5:00.1: VF(n) BAR3 space: [mem 0x00000000-0x0007ffff 64bit pref] (contains BAR3 for 32 VFs)
2022-01-14 02:42:54.3473 audispd: No plugins found, exiting
2022-01-14 02:42:54.3474 kernel:[    0.308959] pci 0000:b5:00.2: enabling Extended Tags
2022-01-14 02:42:54.3474 kernel:[    0.309045] pci 0000:b5:00.2: VF(n) BAR0 space: [mem 0x00000000-0x003fffff 64bit pref] (contains BAR0 for 32 VFs)
2022-01-14 02:42:54.3474 kernel:[    0.309058] pci 0000:b5:00.2: VF(n) BAR3 space: [mem 0x00000000-0x0007ffff 64bit pref] (contains BAR3 for 32 VFs)
2022-01-14 02:42:54.3474 kernel:[    0.309229] pci 0000:b5:00.3: enabling Extended Tags
2022-01-14 02:42:54.3474 kernel:[    0.309315] pci 0000:b5:00.3: VF(n) BAR0 space: [mem 0x00000000-0x003fffff 64bit pref] (contains BAR0 for 32 VFs)
2022-01-14 02:42:54.3474 kernel:[    0.309328] pci 0000:b5:00.3: VF(n) BAR3 space: [mem 0x00000000-0x0007ffff 64bit pref] (contains BAR3 for 32 VFs)
2022-01-14 02:42:54.3474 kernel:[    0.309472] pci 0000:b4:03.0: PCI bridge to [bus b5]
2022-01-14 02:42:54.3474 kernel:[    0.310064] ACPI: PCI Interrupt Link [LNKA] (IRQs 3 4 5 6 7 10 *11 12 14 15)
2022-01-14 02:42:54.3474 kernel:[    0.310124] ACPI: PCI Interrupt Link [LNKB] (IRQs 3 4 5 6 7 *10 11 12 14 15)
2022-01-14 02:42:54.3474 kernel:[    0.310182] ACPI: PCI Interrupt Link [LNKC] (IRQs 3 4 5 6 10 *11 12 14 15)
2022-01-14 02:42:54.3474 kernel:[    0.310240] ACPI: PCI Interrupt Link [LNKD] (IRQs 3 4 5 6 10 *11 12 14 15)
2022-01-14 02:42:54.3474 kernel:[    0.310297] ACPI: PCI Interrupt Link [LNKE] (IRQs 3 4 5 6 7 10 *11 12 14 15)
2022-01-14 02:42:54.3474 kernel:[    0.310356] ACPI: PCI Interrupt Link [LNKF] (IRQs 3 4 5 6 7 10 *11 12 14 15)
2022-01-14 02:42:54.3474 kernel:[    0.310413] ACPI: PCI Interrupt Link [LNKG] (IRQs 3 4 5 6 7 10 *11 12 14 15)
2022-01-14 02:42:54.3474 kernel:[    0.310471] ACPI: PCI Interrupt Link [LNKH] (IRQs 3 4 5 6 7 10 *11 12 14 15)
2022-01-14 02:42:54.3474 kernel:[    0.310736] SCSI subsystem initialized
2022-01-14 02:42:54.3474 kernel:[    0.310765] ACPI: bus type USB registered
2022-01-14 02:42:54.3474 kernel:[    0.310765] usbcore: registered new interface driver usbfs
2022-01-14 02:42:54.3474 kernel:[    0.310765] usbcore: registered new interface driver hub
2022-01-14 02:42:54.3474 kernel:[    0.310765] usbcore: registered new device driver usb
2022-01-14 02:42:54.3474 kernel:[    0.310765] pps_core: LinuxPPS API ver. 1 registered
2022-01-14 02:42:54.3474 kernel:[    0.310765] pps_core: Software ver. 5.3.6 - Copyright 2005-2007 Rodolfo Giometti <giometti@linux.it>
2022-01-14 02:42:54.3474 kernel:[    0.310765] PTP clock support registered
2022-01-14 02:42:54.3474 kernel:[    0.310765] EDAC MC: Ver: 3.0.0
2022-01-14 02:42:54.3475 kernel:[    0.310765] Registered efivars operations
2022-01-14 02:42:54.3475 kernel:[    0.323165] PCI: Using ACPI for IRQ routing
2022-01-14 02:42:54.3475 kernel:[    0.327196] NetLabel: Initializing
2022-01-14 02:42:54.3475 kernel:[    0.327197] NetLabel:  domain hash size = 128
2022-01-14 02:42:54.3475 kernel:[    0.327197] NetLabel:  protocols = UNLABELED CIPSOv4 CALIPSO
2022-01-14 02:42:54.3475 kernel:[    0.327213] NetLabel:  unlabeled traffic allowed by default
2022-01-14 02:42:54.3475 kernel:[    0.327246] hpet0: at MMIO 0xfed00000, IRQs 2, 8, 0, 0, 0, 0, 0, 0
2022-01-14 02:42:54.3475 kernel:[    0.327246] hpet0: 8 comparators, 64-bit 24.000000 MHz counter
2022-01-14 02:42:54.3475 kernel:[    0.329061] clocksource: Switched to clocksource hpet
2022-01-14 02:42:54.3475 kernel:[    0.336603] VFS: Disk quotas dquot_6.6.0
2022-01-14 02:42:54.3475 kernel:[    0.336623] VFS: Dquot-cache hash table entries: 512 (order 0, 4096 bytes)
2022-01-14 02:42:54.3475 kernel:[    0.336676] pnp: PnP ACPI init
2022-01-14 02:42:54.3475 kernel:[    0.337045] system 00:01: [io  0x0500-0x05fe] has been reserved
2022-01-14 02:42:54.3475 kernel:[    0.337046] system 00:01: [io  0x0400-0x047f] has been reserved
2022-01-14 02:42:54.3475 kernel:[    0.337048] system 00:01: [io  0x0600-0x061f] has been reserved
2022-01-14 02:42:54.3475 kernel:[    0.337050] system 00:01: [io  0x0880-0x0883] has been reserved
2022-01-14 02:42:54.3475 kernel:[    0.337051] system 00:01: [io  0x0800-0x081f] has been reserved
2022-01-14 02:42:54.3475 kernel:[    0.337054] system 00:01: [mem 0xfed1c000-0xfed3ffff] has been reserved
2022-01-14 02:42:54.3475 kernel:[    0.337055] system 00:01: [mem 0xfed45000-0xfed8bfff] has been reserved
2022-01-14 02:42:54.3475 kernel:[    0.337057] system 00:01: [mem 0xff000000-0xffffffff] has been reserved
2022-01-14 02:42:54.3475 kernel:[    0.337059] system 00:01: [mem 0xfee00000-0xfeefffff] has been reserved
2022-01-14 02:42:54.3475 kernel:[    0.337060] system 00:01: [mem 0xfed12000-0xfed1200f] has been reserved
2022-01-14 02:42:54.3475 kernel:[    0.337062] system 00:01: [mem 0xfed12010-0xfed1201f] has been reserved
2022-01-14 02:42:54.3475 kernel:[    0.337063] system 00:01: [mem 0xfed1b000-0xfed1bfff] has been reserved
2022-01-14 02:42:54.3475 kernel:[    0.337358] system 00:02: [io  0x0a00-0x0a0f] has been reserved
2022-01-14 02:42:54.3475 kernel:[    0.337359] system 00:02: [io  0x0a10-0x0a1f] has been reserved
2022-01-14 02:42:54.3475 kernel:[    0.337361] system 00:02: [io  0x0a20-0x0a2f] has been reserved
2022-01-14 02:42:54.3475 kernel:[    0.337362] system 00:02: [io  0x0a30-0x0a3f] has been reserved
2022-01-14 02:42:54.3476 kernel:[    0.337364] system 00:02: [io  0x0a40-0x0a4f] has been reserved
2022-01-14 02:42:54.3476 kernel:[    0.338103] system 00:05: [mem 0xfd000000-0xfdabffff] could not be reserved
2022-01-14 02:42:54.3476 kernel:[    0.338104] system 00:05: [mem 0xfdad0000-0xfdadffff] could not be reserved
2022-01-14 02:42:54.3476 kernel:[    0.338106] system 00:05: [mem 0xfdb00000-0xfdffffff] has been reserved
2022-01-14 02:42:54.3476 kernel:[    0.338108] system 00:05: [mem 0xfe000000-0xfe00ffff] has been reserved
2022-01-14 02:42:54.3476 kernel:[    0.338109] system 00:05: [mem 0xfe011000-0xfe01ffff] has been reserved
2022-01-14 02:42:54.3476 kernel:[    0.338111] system 00:05: [mem 0xfe036000-0xfe03bfff] has been reserved
2022-01-14 02:42:54.3476 kernel:[    0.338113] system 00:05: [mem 0xfe03d000-0xfe3fffff] has been reserved
2022-01-14 02:42:54.3476 kernel:[    0.338114] system 00:05: [mem 0xfe410000-0xfe7fffff] has been reserved
2022-01-14 02:42:54.3476 kernel:[    0.338340] system 00:06: [io  0x0f00-0x0ffe] has been reserved
2022-01-14 02:42:54.3476 kernel:[    0.339000] pnp: PnP ACPI: found 7 devices
2022-01-14 02:42:54.3476 kernel:[    0.345724] clocksource: acpi_pm: mask: 0xffffff max_cycles: 0xffffff, max_idle_ns: 2085701024 ns
2022-01-14 02:42:54.3476 kernel:[    0.345769] pci 0000:00:1f.4: BAR 0: assigned [mem 0x380000000000-0x3800000000ff 64bit]
2022-01-14 02:42:54.3476 kernel:[    0.345779] pci 0000:00:1c.0: PCI bridge to [bus 01]
2022-01-14 02:42:54.3476 kernel:[    0.345794] pci 0000:00:1c.6: PCI bridge to [bus 02]
2022-01-14 02:42:54.3476 kernel:[    0.345796] pci 0000:00:1c.6:   bridge window [io  0x9000-0x9fff]
2022-01-14 02:42:54.3476 kernel:[    0.345800] pci 0000:00:1c.6:   bridge window [mem 0xaac00000-0xaaefffff]
2022-01-14 02:42:54.3478 kernel:[    0.345945] pci 0000:64:00.0: PCI bridge to [bus 65]
2022-01-14 02:42:54.3478 kernel:[    0.345950] pci 0000:64:00.0:   bridge window [mem 0x3800b0000000-0x3800b80fffff 64bit pref]
2022-01-14 02:42:54.3478 kernel:[    0.345953] pci 0000:64:01.0: PCI bridge to [bus 66]
2022-01-14 02:42:54.3479 kernel:[    0.345956] pci 0000:64:01.0:   bridge window [mem 0xe0e00000-0xe0efffff]
2022-01-14 02:42:54.3479 kernel:[    0.345961] pci 0000:64:02.0: PCI bridge to [bus 67]
2022-01-14 02:42:54.3479 kernel:[    0.345963] pci 0000:64:02.0:   bridge window [io  0xc000-0xcfff]
2022-01-14 02:42:54.3479 kernel:[    0.345966] pci 0000:64:02.0:   bridge window [mem 0xe0d00000-0xe0dfffff]
2022-01-14 02:42:54.3479 kernel:[    0.346017] pci 0000:b5:00.0: BAR 7: no space for [mem size 0x00400000 64bit pref]
2022-01-14 02:42:54.3479 kernel:[    0.346019] pci 0000:b5:00.0: BAR 7: failed to assign [mem size 0x00400000 64bit pref]
2022-01-14 02:42:54.3479 kernel:[    0.346022] pci 0000:b5:00.1: BAR 7: no space for [mem size 0x00400000 64bit pref]
2022-01-14 02:42:54.3479 kernel:[    0.346023] pci 0000:b5:00.1: BAR 7: failed to assign [mem size 0x00400000 64bit pref]
2022-01-14 02:42:54.3479 kernel:[    0.346026] pci 0000:b5:00.2: BAR 7: no space for [mem size 0x00400000 64bit pref]
2022-01-14 02:42:54.3479 kernel:[    0.346027] pci 0000:b5:00.2: BAR 7: failed to assign [mem size 0x00400000 64bit pref]
2022-01-14 02:42:54.3479 kernel:[    0.346029] pci 0000:b5:00.3: BAR 7: no space for [mem size 0x00400000 64bit pref]
2022-01-14 02:42:54.3479 kernel:[    0.346031] pci 0000:b5:00.3: BAR 7: failed to assign [mem size 0x00400000 64bit pref]
2022-01-14 02:42:54.3479 kernel:[    0.346033] pci 0000:b5:00.0: BAR 10: assigned [mem 0xfb020000-0xfb09ffff 64bit pref]
2022-01-14 02:42:54.3479 kernel:[    0.346042] pci 0000:b5:00.1: BAR 10: no space for [mem size 0x00080000 64bit pref]
2022-01-14 02:42:54.3479 kernel:[    0.346044] pci 0000:b5:00.1: BAR 10: failed to assign [mem size 0x00080000 64bit pref]
2022-01-14 02:42:54.3479 kernel:[    0.346046] pci 0000:b5:00.2: BAR 10: no space for [mem size 0x00080000 64bit pref]
2022-01-14 02:42:54.3480 kernel:[    0.346047] pci 0000:b5:00.2: BAR 10: failed to assign [mem size 0x00080000 64bit pref]
2022-01-14 02:42:54.3480 kernel:[    0.346050] pci 0000:b5:00.3: BAR 10: no space for [mem size 0x00080000 64bit pref]
2022-01-14 02:42:54.3480 kernel:[    0.346051] pci 0000:b5:00.3: BAR 10: failed to assign [mem size 0x00080000 64bit pref]
2022-01-14 02:42:54.3480 kernel:[    0.346053] pci 0000:b4:03.0: PCI bridge to [bus b5]
2022-01-14 02:42:54.3480 kernel:[    0.346061] pci 0000:b4:03.0:   bridge window [mem 0xfbc00000-0xfbdfffff]
2022-01-14 02:42:54.3480 kernel:[    0.346064] pci 0000:b4:03.0:   bridge window [mem 0xf7000000-0xfb0fffff 64bit pref]
2022-01-14 02:42:54.3480 kernel:[    0.346069] pci 0000:b3:00.0: PCI bridge to [bus b4-b5]
2022-01-14 02:42:54.3480 kernel:[    0.346072] pci 0000:b3:00.0:   bridge window [mem 0xfbc00000-0xfbdfffff]
2022-01-14 02:42:54.3480 kernel:[    0.346075] pci 0000:b3:00.0:   bridge window [mem 0xf7000000-0xfb0fffff 64bit pref]
2022-01-14 02:42:54.3480 kernel:[    0.346080] pci 0000:b2:00.0: PCI bridge to [bus b3-b5]
2022-01-14 02:42:54.3480 kernel:[    0.346083] pci 0000:b2:00.0:   bridge window [mem 0xfbb00000-0xfbefffff]
2022-01-14 02:42:54.3480 kernel:[    0.346085] pci 0000:b2:00.0:   bridge window [mem 0xf7000000-0xfb0fffff 64bit pref]
2022-01-14 02:42:54.3480 kernel:[    0.346098] pci 0000:b4:03.0: PCI bridge to [bus b5]
2022-01-14 02:42:54.3480 kernel:[    0.346126] pci 0000:b4:03.0: BAR 15: no space for [mem size 0x05800000 64bit pref]
2022-01-14 02:42:54.3481 kernel:[    0.346127] pci 0000:b4:03.0: BAR 15: failed to assign [mem size 0x05800000 64bit pref]
2022-01-14 02:42:54.3481 kernel:[    0.346131] pci 0000:b5:00.0: BAR 0: no space for [mem size 0x01000000 64bit pref]
2022-01-14 02:42:54.3481 kernel:[    0.346133] pci 0000:b5:00.0: BAR 0: failed to assign [mem size 0x01000000 64bit pref]
2022-01-14 02:42:54.3481 kernel:[    0.346135] pci 0000:b5:00.1: BAR 0: no space for [mem size 0x01000000 64bit pref]
2022-01-14 02:42:54.3481 kernel:[    0.346136] pci 0000:b5:00.1: BAR 0: failed to assign [mem size 0x01000000 64bit pref]
2022-01-14 02:42:54.3481 kernel:[    0.346138] pci 0000:b5:00.2: BAR 0: no space for [mem size 0x01000000 64bit pref]
2022-01-14 02:42:54.3481 kernel:[    0.346139] pci 0000:b5:00.2: BAR 0: failed to assign [mem size 0x01000000 64bit pref]
2022-01-14 02:42:54.3481 kernel:[    0.346141] pci 0000:b5:00.3: BAR 0: no space for [mem size 0x01000000 64bit pref]
2022-01-14 02:42:54.3481 kernel:[    0.346142] pci 0000:b5:00.3: BAR 0: failed to assign [mem size 0x01000000 64bit pref]
2022-01-14 02:42:54.3481 kernel:[    0.346144] pci 0000:b5:00.0: BAR 7: no space for [mem size 0x00400000 64bit pref]
2022-01-14 02:42:54.3481 kernel:[    0.346145] pci 0000:b5:00.0: BAR 7: failed to assign [mem size 0x00400000 64bit pref]
2022-01-14 02:42:54.3481 kernel:[    0.346147] pci 0000:b5:00.1: BAR 7: no space for [mem size 0x00400000 64bit pref]
2022-01-14 02:42:54.3481 kernel:[    0.346148] pci 0000:b5:00.1: BAR 7: failed to assign [mem size 0x00400000 64bit pref]
2022-01-14 02:42:54.3481 kernel:[    0.346150] pci 0000:b5:00.2: BAR 7: no space for [mem size 0x00400000 64bit pref]
2022-01-14 02:42:54.3481 kernel:[    0.346151] pci 0000:b5:00.2: BAR 7: failed to assign [mem size 0x00400000 64bit pref]
2022-01-14 02:42:54.3481 kernel:[    0.346153] pci 0000:b5:00.3: BAR 7: no space for [mem size 0x00400000 64bit pref]
2022-01-14 02:42:54.3481 kernel:[    0.346154] pci 0000:b5:00.3: BAR 7: failed to assign [mem size 0x00400000 64bit pref]
2022-01-14 02:42:54.3481 kernel:[    0.346156] pci 0000:b5:00.0: BAR 3: no space for [mem size 0x00008000 64bit pref]
2022-01-14 02:42:54.3481 kernel:[    0.346157] pci 0000:b5:00.0: BAR 3: failed to assign [mem size 0x00008000 64bit pref]
2022-01-14 02:42:54.3481 kernel:[    0.346159] pci 0000:b5:00.1: BAR 3: no space for [mem size 0x00008000 64bit pref]
2022-01-14 02:42:54.3482 kernel:[    0.346160] pci 0000:b5:00.1: BAR 3: failed to assign [mem size 0x00008000 64bit pref]
2022-01-14 02:42:54.3482 kernel:[    0.346162] pci 0000:b5:00.2: BAR 3: no space for [mem size 0x00008000 64bit pref]
2022-01-14 02:42:54.3482 kernel:[    0.346163] pci 0000:b5:00.2: BAR 3: failed to assign [mem size 0x00008000 64bit pref]
2022-01-14 02:42:54.3482 kernel:[    0.346165] pci 0000:b5:00.3: BAR 3: no space for [mem size 0x00008000 64bit pref]
2022-01-14 02:42:54.3482 kernel:[    0.346166] pci 0000:b5:00.3: BAR 3: failed to assign [mem size 0x00008000 64bit pref]
2022-01-14 02:42:54.3482 kernel:[    0.346168] pci 0000:b5:00.0: BAR 10: no space for [mem size 0x00080000 64bit pref]
2022-01-14 02:42:54.3482 kernel:[    0.346170] pci 0000:b5:00.0: BAR 10: failed to assign [mem size 0x00080000 64bit pref]
2022-01-14 02:42:54.3482 kernel:[    0.346171] pci 0000:b5:00.1: BAR 10: no space for [mem size 0x00080000 64bit pref]
2022-01-14 02:42:54.3482 kernel:[    0.346173] pci 0000:b5:00.1: BAR 10: failed to assign [mem size 0x00080000 64bit pref]
2022-01-14 02:42:54.3482 kernel:[    0.346174] pci 0000:b5:00.2: BAR 10: no space for [mem size 0x00080000 64bit pref]
2022-01-14 02:42:54.3482 kernel:[    0.346176] pci 0000:b5:00.2: BAR 10: failed to assign [mem size 0x00080000 64bit pref]
2022-01-14 02:42:54.3482 kernel:[    0.346177] pci 0000:b5:00.3: BAR 10: no space for [mem size 0x00080000 64bit pref]
2022-01-14 02:42:54.3482 kernel:[    0.346179] pci 0000:b5:00.3: BAR 10: failed to assign [mem size 0x00080000 64bit pref]
2022-01-14 02:42:54.3482 kernel:[    0.346180] pci 0000:b4:03.0: PCI bridge to [bus b5]
2022-01-14 02:42:54.3482 kernel:[    0.346188] pci 0000:b4:03.0:   bridge window [mem 0xfbc00000-0xfbdfffff]
2022-01-14 02:42:54.3482 kernel:[    0.346195] pci 0000:b3:00.0: PCI bridge to [bus b4-b5]
2022-01-14 02:42:54.3482 kernel:[    0.346198] pci 0000:b3:00.0:   bridge window [mem 0xfbc00000-0xfbdfffff]
2022-01-14 02:42:54.3482 kernel:[    0.346201] pci 0000:b3:00.0:   bridge window [mem 0xf7000000-0xfb0fffff 64bit pref]
2022-01-14 02:42:54.3482 kernel:[    0.346205] pci 0000:b2:00.0: PCI bridge to [bus b3-b5]
2022-01-14 02:42:54.3482 kernel:[    0.346208] pci 0000:b2:00.0:   bridge window [mem 0xfbb00000-0xfbefffff]
2022-01-14 02:42:54.3482 kernel:[    0.346210] pci 0000:b2:00.0:   bridge window [mem 0xf7000000-0xfb0fffff 64bit pref]
2022-01-14 02:42:54.3483 kernel:[    0.346220] pci 0000:b4:03.0: PCI bridge to [bus b5]
2022-01-14 02:42:54.3484 kernel:[    0.346229] pci 0000:b3:00.0: PCI bridge to [bus b4-b5]
2022-01-14 02:42:54.3484 kernel:[    0.346251] pci 0000:b3:00.0: BAR 15: no space for [mem size 0x05800000 64bit pref]
2022-01-14 02:42:54.3484 kernel:[    0.346252] pci 0000:b3:00.0: BAR 15: failed to assign [mem size 0x05800000 64bit pref]
2022-01-14 02:42:54.3484 kernel:[    0.346255] pci 0000:b4:03.0: BAR 15: no space for [mem size 0x05800000 64bit pref]
2022-01-14 02:42:54.3484 kernel:[    0.346256] pci 0000:b4:03.0: BAR 15: failed to assign [mem size 0x05800000 64bit pref]
2022-01-14 02:42:54.3454 liblogging-stdlog:  [origin software="rsyslogd" swVersion="8.24.0" x-pid="6511" x-info="http://www.rsyslog.com"] start
2022-01-14 02:42:54.3484 kernel:[    0.346258] pci 0000:b4:03.0: BAR 14: assigned [mem 0xfbc00000-0xfbdfffff]
2022-01-14 02:42:54.3484 kernel:[    0.346263] pci 0000:b5:00.0: BAR 0: no space for [mem size 0x01000000 64bit pref]
2022-01-14 02:42:54.3484 kernel:[    0.346264] pci 0000:b5:00.0: BAR 0: failed to assign [mem size 0x01000000 64bit pref]
2022-01-14 02:42:54.3484 kernel:[    0.346266] pci 0000:b5:00.1: BAR 0: no space for [mem size 0x01000000 64bit pref]
2022-01-14 02:42:54.3484 kernel:[    0.346268] pci 0000:b5:00.1: BAR 0: failed to assign [mem size 0x01000000 64bit pref]
2022-01-14 02:42:54.3484 kernel:[    0.346269] pci 0000:b5:00.2: BAR 0: no space for [mem size 0x01000000 64bit pref]
2022-01-14 02:42:54.3484 kernel:[    0.346271] pci 0000:b5:00.2: BAR 0: failed to assign [mem size 0x01000000 64bit pref]
2022-01-14 02:42:54.3484 kernel:[    0.346272] pci 0000:b5:00.3: BAR 0: no space for [mem size 0x01000000 64bit pref]
2022-01-14 02:42:54.3484 kernel:[    0.346274] pci 0000:b5:00.3: BAR 0: failed to assign [mem size 0x01000000 64bit pref]
2022-01-14 02:42:54.3484 kernel:[    0.346275] pci 0000:b5:00.0: BAR 6: assigned [mem 0xfbc00000-0xfbc7ffff pref]
2022-01-14 02:42:54.3484 kernel:[    0.346277] pci 0000:b5:00.1: BAR 6: assigned [mem 0xfbc80000-0xfbcfffff pref]
2022-01-14 02:42:54.3484 kernel:[    0.346279] pci 0000:b5:00.2: BAR 6: assigned [mem 0xfbd00000-0xfbd7ffff pref]
2022-01-14 02:42:54.3484 kernel:[    0.346281] pci 0000:b5:00.3: BAR 6: assigned [mem 0xfbd80000-0xfbdfffff pref]
2022-01-14 02:42:54.3484 kernel:[    0.346282] pci 0000:b5:00.0: BAR 7: no space for [mem size 0x00400000 64bit pref]
2022-01-14 02:42:54.3484 kernel:[    0.346284] pci 0000:b5:00.0: BAR 7: failed to assign [mem size 0x00400000 64bit pref]
2022-01-14 02:42:54.3484 kernel:[    0.346285] pci 0000:b5:00.1: BAR 7: no space for [mem size 0x00400000 64bit pref]
2022-01-14 02:42:54.3484 kernel:[    0.346287] pci 0000:b5:00.1: BAR 7: failed to assign [mem size 0x00400000 64bit pref]
2022-01-14 02:42:54.3484 kernel:[    0.346288] pci 0000:b5:00.2: BAR 7: no space for [mem size 0x00400000 64bit pref]
2022-01-14 02:42:54.3484 kernel:[    0.346290] pci 0000:b5:00.2: BAR 7: failed to assign [mem size 0x00400000 64bit pref]
2022-01-14 02:42:54.3484 kernel:[    0.346291] pci 0000:b5:00.3: BAR 7: no space for [mem size 0x00400000 64bit pref]
2022-01-14 02:42:54.3484 kernel:[    0.346293] pci 0000:b5:00.3: BAR 7: failed to assign [mem size 0x00400000 64bit pref]
2022-01-14 02:42:54.3484 kernel:[    0.346294] pci 0000:b5:00.0: BAR 3: no space for [mem size 0x00008000 64bit pref]
2022-01-14 02:42:54.3484 kernel:[    0.346296] pci 0000:b5:00.0: BAR 3: failed to assign [mem size 0x00008000 64bit pref]
2022-01-14 02:42:54.3484 kernel:[    0.346297] pci 0000:b5:00.1: BAR 3: no space for [mem size 0x00008000 64bit pref]
2022-01-14 02:42:54.3484 kernel:[    0.346299] pci 0000:b5:00.1: BAR 3: failed to assign [mem size 0x00008000 64bit pref]
2022-01-14 02:42:54.3484 kernel:[    0.346300] pci 0000:b5:00.2: BAR 3: no space for [mem size 0x00008000 64bit pref]
2022-01-14 02:42:54.3484 kernel:[    0.346302] pci 0000:b5:00.2: BAR 3: failed to assign [mem size 0x00008000 64bit pref]
2022-01-14 02:42:54.3484 kernel:[    0.346303] pci 0000:b5:00.3: BAR 3: no space for [mem size 0x00008000 64bit pref]
2022-01-14 02:42:54.3484 kernel:[    0.346305] pci 0000:b5:00.3: BAR 3: failed to assign [mem size 0x00008000 64bit pref]
2022-01-14 02:42:54.3484 kernel:[    0.346306] pci 0000:b5:00.0: BAR 10: no space for [mem size 0x00080000 64bit pref]
2022-01-14 02:42:54.3484 kernel:[    0.346308] pci 0000:b5:00.0: BAR 10: failed to assign [mem size 0x00080000 64bit pref]
2022-01-14 02:42:54.3484 kernel:[    0.346309] pci 0000:b5:00.1: BAR 10: no space for [mem size 0x00080000 64bit pref]
2022-01-14 02:42:54.3484 kernel:[    0.346311] pci 0000:b5:00.1: BAR 10: failed to assign [mem size 0x00080000 64bit pref]
2022-01-14 02:42:54.3484 kernel:[    0.346313] pci 0000:b5:00.2: BAR 10: no space for [mem size 0x00080000 64bit pref]
2022-01-14 02:42:54.3484 kernel:[    0.346314] pci 0000:b5:00.2: BAR 10: failed to assign [mem size 0x00080000 64bit pref]
2022-01-14 02:42:54.3484 kernel:[    0.346316] pci 0000:b5:00.3: BAR 10: no space for [mem size 0x00080000 64bit pref]
2022-01-14 02:42:54.3484 kernel:[    0.346317] pci 0000:b5:00.3: BAR 10: failed to assign [mem size 0x00080000 64bit pref]
2022-01-14 02:42:54.3484 kernel:[    0.346319] pci 0000:b4:03.0: PCI bridge to [bus b5]
2022-01-14 02:42:54.3484 kernel:[    0.346327] pci 0000:b4:03.0:   bridge window [mem 0xfbc00000-0xfbdfffff]
2022-01-14 02:42:54.3484 kernel:[    0.346333] pci 0000:b3:00.0: PCI bridge to [bus b4-b5]
2022-01-14 02:42:54.3484 kernel:[    0.346337] pci 0000:b3:00.0:   bridge window [mem 0xfbc00000-0xfbdfffff]
2022-01-14 02:42:54.3484 kernel:[    0.346342] pci 0000:b2:00.0: PCI bridge to [bus b3-b5]
2022-01-14 02:42:54.3484 kernel:[    0.346345] pci 0000:b2:00.0:   bridge window [mem 0xfbb00000-0xfbefffff]
2022-01-14 02:42:54.3484 kernel:[    0.346348] pci 0000:b2:00.0:   bridge window [mem 0xf7000000-0xfb0fffff 64bit pref]
2022-01-14 02:42:54.3484 kernel:[    0.346357] pci 0000:b4:03.0: PCI bridge to [bus b5]
2022-01-14 02:42:54.3485 kernel:[    0.346366] pci 0000:b3:00.0: PCI bridge to [bus b4-b5]
2022-01-14 02:42:54.3485 kernel:[    0.346370] pci 0000:b2:00.0: PCI bridge to [bus b3-b5]
2022-01-14 02:42:54.3485 kernel:[    0.346404] pci 0000:b2:00.0: BAR 15: assigned [mem 0x3800c0000000-0x3800c6ffffff 64bit pref]
2022-01-14 02:42:54.3485 kernel:[    0.346406] pci 0000:b3:00.0: BAR 15: assigned [mem 0x3800c0000000-0x3800c6ffffff 64bit pref]
2022-01-14 02:42:54.3485 kernel:[    0.346408] pci 0000:b3:00.0: BAR 14: assigned [mem 0xfbc00000-0xfbdfffff]
2022-01-14 02:42:54.3485 kernel:[    0.346411] pci 0000:b4:03.0: BAR 15: assigned [mem 0x3800c0000000-0x3800c6ffffff 64bit pref]
2022-01-14 02:42:54.3485 kernel:[    0.346412] pci 0000:b4:03.0: BAR 14: assigned [mem 0xfbc00000-0xfbdfffff]
2022-01-14 02:42:54.3485 kernel:[    0.346418] pci 0000:b5:00.0: BAR 0: assigned [mem 0x3800c0000000-0x3800c0ffffff 64bit pref]
2022-01-14 02:42:54.3485 kernel:[    0.346431] pci 0000:b5:00.1: BAR 0: assigned [mem 0x3800c1000000-0x3800c1ffffff 64bit pref]
2022-01-14 02:42:54.3485 kernel:[    0.346439] pci 0000:b5:00.2: BAR 0: assigned [mem 0x3800c2000000-0x3800c2ffffff 64bit pref]
2022-01-14 02:42:54.3485 kernel:[    0.346447] pci 0000:b5:00.3: BAR 0: assigned [mem 0x3800c3000000-0x3800c3ffffff 64bit pref]
2022-01-14 02:42:54.3485 kernel:[    0.346455] pci 0000:b5:00.0: BAR 6: assigned [mem 0xfbc00000-0xfbc7ffff pref]
2022-01-14 02:42:54.3485 kernel:[    0.346457] pci 0000:b5:00.1: BAR 6: assigned [mem 0xfbc80000-0xfbcfffff pref]
2022-01-14 02:42:54.3485 kernel:[    0.346459] pci 0000:b5:00.2: BAR 6: assigned [mem 0xfbd00000-0xfbd7ffff pref]
2022-01-14 02:42:54.3485 kernel:[    0.346460] pci 0000:b5:00.3: BAR 6: assigned [mem 0xfbd80000-0xfbdfffff pref]
2022-01-14 02:42:54.3485 kernel:[    0.346462] pci 0000:b5:00.0: BAR 7: assigned [mem 0x3800c4000000-0x3800c43fffff 64bit pref]
2022-01-14 02:42:54.3485 kernel:[    0.346470] pci 0000:b5:00.1: BAR 7: assigned [mem 0x3800c4400000-0x3800c47fffff 64bit pref]
2022-01-14 02:42:54.3485 kernel:[    0.346474] pci 0000:b5:00.2: BAR 7: assigned [mem 0x3800c4800000-0x3800c4bfffff 64bit pref]
2022-01-14 02:42:54.3485 kernel:[    0.346477] pci 0000:b5:00.3: BAR 7: assigned [mem 0x3800c4c00000-0x3800c4ffffff 64bit pref]
2022-01-14 02:42:54.3485 kernel:[    0.346481] pci 0000:b5:00.0: BAR 3: assigned [mem 0x3800c5000000-0x3800c5007fff 64bit pref]
2022-01-14 02:42:54.3485 kernel:[    0.346489] pci 0000:b5:00.1: BAR 3: assigned [mem 0x3800c5008000-0x3800c500ffff 64bit pref]
2022-01-14 02:42:54.3485 kernel:[    0.346498] pci 0000:b5:00.2: BAR 3: assigned [mem 0x3800c5010000-0x3800c5017fff 64bit pref]
2022-01-14 02:42:54.3485 kernel:[    0.346506] pci 0000:b5:00.3: BAR 3: assigned [mem 0x3800c5018000-0x3800c501ffff 64bit pref]
2022-01-14 02:42:54.3486 kernel:[    0.346514] pci 0000:b5:00.0: BAR 10: assigned [mem 0x3800c5020000-0x3800c509ffff 64bit pref]
2022-01-14 02:42:54.3486 kernel:[    0.346518] pci 0000:b5:00.1: BAR 10: assigned [mem 0x3800c50a0000-0x3800c511ffff 64bit pref]
2022-01-14 02:42:54.3486 kernel:[    0.346521] pci 0000:b5:00.2: BAR 10: assigned [mem 0x3800c5120000-0x3800c519ffff 64bit pref]
2022-01-14 02:42:54.3486 kernel:[    0.346525] pci 0000:b5:00.3: BAR 10: assigned [mem 0x3800c51a0000-0x3800c521ffff 64bit pref]
2022-01-14 02:42:54.3486 kernel:[    0.346531] pci 0000:b4:03.0: PCI bridge to [bus b5]
2022-01-14 02:42:54.3486 kernel:[    0.346535] pci 0000:b4:03.0:   bridge window [mem 0xfbc00000-0xfbdfffff]
2022-01-14 02:42:54.3486 kernel:[    0.346538] pci 0000:b4:03.0:   bridge window [mem 0x3800c0000000-0x3800c6ffffff 64bit pref]
2022-01-14 02:42:54.3486 kernel:[    0.346542] pci 0000:b3:00.0: PCI bridge to [bus b4-b5]
2022-01-14 02:42:54.3486 kernel:[    0.346546] pci 0000:b3:00.0:   bridge window [mem 0xfbc00000-0xfbdfffff]
2022-01-14 02:42:54.3486 kernel:[    0.346548] pci 0000:b3:00.0:   bridge window [mem 0x3800c0000000-0x3800c6ffffff 64bit pref]
2022-01-14 02:42:54.3486 kernel:[    0.346553] pci 0000:b2:00.0: PCI bridge to [bus b3-b5]
2022-01-14 02:42:54.3486 kernel:[    0.346555] pci 0000:b2:00.0:   bridge window [mem 0xfbb00000-0xfbefffff]
2022-01-14 02:42:54.3486 kernel:[    0.346558] pci 0000:b2:00.0:   bridge window [mem 0x3800c0000000-0x3800c6ffffff 64bit pref]
2022-01-14 02:42:54.3487 kernel:[    0.346619] NET: Registered protocol family 2
2022-01-14 02:42:54.3487 kernel:[    0.346750] TCP established hash table entries: 524288 (order: 10, 4194304 bytes)
2022-01-14 02:42:54.3487 kernel:[    0.347355] TCP bind hash table entries: 65536 (order: 8, 1048576 bytes)
2022-01-14 02:42:54.3487 kernel:[    0.347463] TCP: Hash tables configured (established 524288 bind 65536)
2022-01-14 02:42:54.3487 kernel:[    0.347505] UDP hash table entries: 65536 (order: 9, 2097152 bytes)
2022-01-14 02:42:54.3487 kernel:[    0.347760] UDP-Lite hash table entries: 65536 (order: 9, 2097152 bytes)
2022-01-14 02:42:54.3487 kernel:[    0.348096] NET: Registered protocol family 1
2022-01-14 02:42:54.3487 kernel:[    0.348287] RPC: Registered named UNIX socket transport module.
2022-01-14 02:42:54.3487 kernel:[    0.348287] RPC: Registered udp transport module.
2022-01-14 02:42:54.3487 kernel:[    0.348288] RPC: Registered tcp transport module.
2022-01-14 02:42:54.3487 kernel:[    0.348289] RPC: Registered tcp NFSv4.1 backchannel transport module.
2022-01-14 02:42:54.3487 kernel:[    0.348716] Trying to unpack rootfs image as initramfs...
2022-01-14 02:42:54.3487 kernel:[    0.587951] Freeing initrd memory: 11212K
2022-01-14 02:42:54.3487 kernel:[    0.587957] PCI-DMA: Using software bounce buffering for IO (SWIOTLB)
2022-01-14 02:42:54.3487 kernel:[    0.587960] software IO TLB [mem 0x681aa000-0x6c1aa000] (64MB) mapped at [ffff8800681aa000-ffff88006c1a9fff]
2022-01-14 02:42:54.3487 kernel:[    0.588529] RAPL PMU: API unit is 2^-32 Joules, 3 fixed counters, 655360 ms ovfl timer
2022-01-14 02:42:54.3487 kernel:[    0.588530] RAPL PMU: hw unit of domain pp0-core 2^-14 Joules
2022-01-14 02:42:54.3487 kernel:[    0.588530] RAPL PMU: hw unit of domain package 2^-14 Joules
2022-01-14 02:42:54.3487 kernel:[    0.588531] RAPL PMU: hw unit of domain dram 2^-16 Joules
2022-01-14 02:42:54.3487 kernel:[    0.589836] Machine check injector initialized
2022-01-14 02:42:54.3487 kernel:[    0.593673] Scanning for low memory corruption every 60 seconds
2022-01-14 02:42:54.3487 kernel:[    0.593971] audit: initializing netlink subsys (disabled)
2022-01-14 02:42:54.3487 kernel:[    0.594039] audit: type=2000 audit(1642128085.592:1): state=initialized audit_enabled=0 res=1
2022-01-14 02:42:54.3487 kernel:[    0.594639] workingset: timestamp_bits=46 max_order=25 bucket_order=0
2022-01-14 02:42:54.3487 kernel:[    0.596161] squashfs: version 4.0 (2009/01/31) Phillip Lougher
2022-01-14 02:42:54.3487 kernel:[    0.596339] NFS: Registering the id_resolver key type
2022-01-14 02:42:54.3488 kernel:[    0.596345] random: get_random_bytes called from key_alloc+0x1ff/0x440 with crng_init=0
2022-01-14 02:42:54.3488 kernel:[    0.596348] Key type id_resolver registered
2022-01-14 02:42:54.3488 kernel:[    0.596349] Key type id_legacy registered
2022-01-14 02:42:54.3488 kernel:[    0.598597] Block layer SCSI generic (bsg) driver version 0.4 loaded (major 248)
2022-01-14 02:42:54.3488 kernel:[    0.598673] io scheduler noop registered
2022-01-14 02:42:54.3488 kernel:[    0.598674] io scheduler deadline registered
2022-01-14 02:42:54.3488 kernel:[    0.598709] io scheduler cfq registered (default)
2022-01-14 02:42:54.3488 kernel:[    0.598710] io scheduler mq-deadline registered
2022-01-14 02:42:54.3488 kernel:[    0.598711] io scheduler kyber registered
2022-01-14 02:42:54.3488 kernel:[    0.600796] cpcihp_zt5550: ZT5550 CompactPCI Hot Plug Driver version: 0.2
2022-01-14 02:42:54.3488 kernel:[    0.600818] cpcihp_generic: Generic port I/O CompactPCI Hot Plug Driver version: 0.1
2022-01-14 02:42:54.3488 kernel:[    0.600818] cpcihp_generic: not configured, disabling.
2022-01-14 02:42:54.3488 kernel:[    0.600837] shpchp: Standard Hot Plug PCI Controller Driver version: 0.4
2022-01-14 02:42:54.3488 kernel:[    0.602030] ipmi message handler version 39.2
2022-01-14 02:42:54.3488 kernel:[    0.602032] ipmi device interface
2022-01-14 02:42:54.3488 kernel:[    0.602040] ipmi_si: probing via SMBIOS
2022-01-14 02:42:54.3488 kernel:[    0.602042] ipmi_si: SMBIOS: io 0xca2 regsize 1 spacing 1 irq 0
2022-01-14 02:42:54.3488 kernel:[    0.602044] ipmi_si: Adding SMBIOS-specified kcs state machine
2022-01-14 02:42:54.3488 kernel:[    0.602053] ipmi_si IPI0001:00: ipmi_si: probing via ACPI
2022-01-14 02:42:54.3488 kernel:[    0.602064] ipmi_si IPI0001:00: [io  0x0ca2] regsize 1 spacing 1 irq 0
2022-01-14 02:42:54.3488 kernel:[    0.602066] ipmi_si dmi-ipmi-si.0: Removing SMBIOS-specified kcs state machine in favor of ACPI
2022-01-14 02:42:54.3488 kernel:[    0.602067] ipmi_si: Adding ACPI-specified kcs state machine
2022-01-14 02:42:54.3488 kernel:[    0.602077] IPMI System Interface driver.
2022-01-14 02:42:54.3489 kernel:[    0.602098] ipmi_si: probing via SPMI
2022-01-14 02:42:54.3489 kernel:[    0.602099] ipmi_si: SPMI: io 0xca2 regsize 1 spacing 1 irq 0
2022-01-14 02:42:54.3489 kernel:[    0.602100] (NULL device *): SPMI-specified kcs state machine: duplicate
2022-01-14 02:42:54.3489 kernel:[    0.602102] ipmi_si: Trying ACPI-specified kcs state machine at i/o address 0xca2, slave address 0x20, irq 0
2022-01-14 02:42:54.3489 kernel:[    1.190200] ipmi_si IPI0001:00: Found new BMC (man_id: 0x000000, prod_id: 0x0202, dev_id: 0x20)
2022-01-14 02:42:54.3489 kernel:[    1.190290] ipmi_si IPI0001:00: IPMI kcs interface initialized
2022-01-14 02:42:54.3489 kernel:[    1.190292] IPMI SSIF Interface driver
2022-01-14 02:42:54.3489 kernel:[    1.225487] IPMI Watchdog: driver initialized
2022-01-14 02:42:54.3489 kernel:[    1.225488] Copyright (C) 2004 MontaVista Software - IPMI Powerdown via sys_reboot.
2022-01-14 02:42:54.3489 kernel:[    1.269883] IPMI poweroff: ATCA Detect mfg 0x0 prod 0x202
2022-01-14 02:42:54.3489 kernel:[    1.269884] IPMI poweroff: Found a chassis style poweroff function
2022-01-14 02:42:54.3489 kernel:[    1.270116] input: Power Button as /devices/LNXSYSTM:00/LNXPWRBN:00/input/input0
2022-01-14 02:42:54.3489 kernel:[    1.270119] ACPI: Power Button [PWRF]
2022-01-14 02:42:54.3489 kernel:[    1.273537] Serial: 8250/16550 driver, 4 ports, IRQ sharing enabled
2022-01-14 02:42:54.3489 kernel:[    1.294611] 00:03: ttyS1 at I/O 0x2f8 (irq = 3, base_baud = 115200) is a 16550A
2022-01-14 02:42:54.3489 kernel:[    1.315736] 00:04: ttyS0 at I/O 0x3f8 (irq = 4, base_baud = 115200) is a 16550A
2022-01-14 02:42:54.3489 kernel:[    1.316395] Non-volatile memory driver v1.3
2022-01-14 02:42:54.3489 kernel:[    1.319942] brd: module loaded
2022-01-14 02:42:54.3489 kernel:[    1.321841] loop: module loaded
2022-01-14 02:42:54.3489 kernel:[    1.325764] dummy-irq: no IRQ given.  Use irq=N
2022-01-14 02:42:54.3489 kernel:[    1.340790] ahci 0000:00:17.0: AHCI 0001.0301 32 slots 4 ports 6 Gbps 0xf0 impl SATA mode
2022-01-14 02:42:54.3490 kernel:[    1.340793] ahci 0000:00:17.0: flags: 64bit ncq sntf pm led clo only pio slum part ems deso sadm sds apst 
2022-01-14 02:42:54.3490 kernel:[    1.376897] scsi host0: ahci
2022-01-14 02:42:54.3490 kernel:[    1.377075] scsi host1: ahci
2022-01-14 02:42:54.3490 kernel:[    1.377253] scsi host2: ahci
2022-01-14 02:42:54.3490 kernel:[    1.377483] scsi host3: ahci
2022-01-14 02:42:54.3490 kernel:[    1.377613] scsi host4: ahci
2022-01-14 02:42:54.3490 kernel:[    1.377746] scsi host5: ahci
2022-01-14 02:42:54.3490 kernel:[    1.377901] scsi host6: ahci
2022-01-14 02:42:54.3490 kernel:[    1.378030] scsi host7: ahci
2022-01-14 02:42:54.3490 kernel:[    1.378051] ata1: DUMMY
2022-01-14 02:42:54.3490 kernel:[    1.378051] ata2: DUMMY
2022-01-14 02:42:54.3490 kernel:[    1.378052] ata3: DUMMY
2022-01-14 02:42:54.3490 kernel:[    1.378053] ata4: DUMMY
2022-01-14 02:42:54.3490 kernel:[    1.378056] ata5: SATA max UDMA/133 abar m524288@0xaaf00000 port 0xaaf00300 irq 33
2022-01-14 02:42:54.3490 kernel:[    1.378058] ata6: SATA max UDMA/133 abar m524288@0xaaf00000 port 0xaaf00380 irq 33
2022-01-14 02:42:54.3490 kernel:[    1.378061] ata7: SATA max UDMA/133 abar m524288@0xaaf00000 port 0xaaf00400 irq 33
2022-01-14 02:42:54.3490 kernel:[    1.378063] ata8: SATA max UDMA/133 abar m524288@0xaaf00000 port 0xaaf00480 irq 33
2022-01-14 02:42:54.3490 kernel:[    1.378375] tun: Universal TUN/TAP device driver, 1.6
2022-01-14 02:42:54.3490 kernel:[    1.378464] cnic: QLogic cnicDriver v2.5.22 (July 20, 2015)
2022-01-14 02:42:54.3490 kernel:[    1.378526] bnx2x: QLogic 5771x/578xx 10/20-Gigabit Ethernet Driver bnx2x 1.712.30-0 (2014/02/10)
2022-01-14 02:42:54.3491 kernel:[    1.378837] e100: Intel(R) PRO/100 Network Driver, 3.5.24-k2-NAPI
2022-01-14 02:42:54.3491 kernel:[    1.378837] e100: Copyright(c) 1999-2006 Intel Corporation
2022-01-14 02:42:54.3491 kernel:[    1.378865] e1000: Intel(R) PRO/1000 Network Driver - version 7.3.21-k8-NAPI
2022-01-14 02:42:54.3491 kernel:[    1.378866] e1000: Copyright (c) 1999-2006 Intel Corporation.
2022-01-14 02:42:54.3491 kernel:[    1.378892] e1000e: Intel(R) PRO/1000 Network Driver - 3.2.6-k
2022-01-14 02:42:54.3491 kernel:[    1.378893] e1000e: Copyright(c) 1999 - 2015 Intel Corporation.
2022-01-14 02:42:54.3491 kernel:[    1.378942] igb: Intel(R) Gigabit Ethernet Network Driver - version 5.4.0-k
2022-01-14 02:42:54.3491 kernel:[    1.378943] igb: Copyright (c) 2007-2014 Intel Corporation.
2022-01-14 02:42:54.3491 kernel:[    1.378970] igb 0000:02:00.0: enabling device (0000 -> 0002)
2022-01-14 02:42:54.3491 kernel:[    1.596076] tsc: Refined TSC clocksource calibration: 2100.000 MHz
2022-01-14 02:42:54.3491 kernel:[    1.596150] clocksource: tsc: mask: 0xffffffffffffffff max_cycles: 0x1e4530a99b6, max_idle_ns: 440795257976 ns
2022-01-14 02:42:54.3491 kernel:[    1.617571] pps pps0: new PPS source ptp0
2022-01-14 02:42:54.3491 kernel:[    1.617573] igb 0000:02:00.0: added PHC on eth0
2022-01-14 02:42:54.3492 kernel:[    1.617575] igb 0000:02:00.0: Intel(R) Gigabit Ethernet Network Connection
2022-01-14 02:42:54.3492 kernel:[    1.617577] igb 0000:02:00.0: eth0: (PCIe:2.5Gb/s:Width x1) 00:a0:c9:00:00:00
2022-01-14 02:42:54.3492 kernel:[    1.617639] igb 0000:02:00.0: eth0: PBA No: 000300-000
2022-01-14 02:42:54.3492 kernel:[    1.617641] igb 0000:02:00.0: Using MSI-X interrupts. 4 rx queue(s), 4 tx queue(s)
2022-01-14 02:42:54.3492 kernel:[    1.617696] igb 0000:67:00.0: enabling device (0100 -> 0102)
2022-01-14 02:42:54.3492 kernel:[    1.691512] ata5: SATA link down (SStatus 4 SControl 300)
2022-01-14 02:42:54.3492 kernel:[    1.691655] ata6: SATA link down (SStatus 4 SControl 300)
2022-01-14 02:42:54.3492 kernel:[    1.691694] ata7: SATA link up 6.0 Gbps (SStatus 133 SControl 300)
2022-01-14 02:42:54.3492 kernel:[    1.691792] ata8: SATA link up 6.0 Gbps (SStatus 133 SControl 300)
2022-01-14 02:42:54.3492 kernel:[    1.858700] pps pps1: new PPS source ptp1
2022-01-14 02:42:54.3492 kernel:[    1.858702] igb 0000:67:00.0: added PHC on eth1
2022-01-14 02:42:54.3492 kernel:[    1.858704] igb 0000:67:00.0: Intel(R) Gigabit Ethernet Network Connection
2022-01-14 02:42:54.3492 kernel:[    1.858706] igb 0000:67:00.0: eth1: (PCIe:2.5Gb/s:Width x1) b0:27:cf:44:de:01
2022-01-14 02:42:54.3492 kernel:[    1.858756] igb 0000:67:00.0: eth1: PBA No: 000300-000
2022-01-14 02:42:54.3492 kernel:[    1.858757] igb 0000:67:00.0: Using MSI-X interrupts. 4 rx queue(s), 4 tx queue(s)
2022-01-14 02:42:54.3492 kernel:[    1.858785] igbvf: Intel(R) Gigabit Virtual Function Network Driver - version 2.4.0-k
2022-01-14 02:42:54.3492 kernel:[    1.858786] igbvf: Copyright (c) 2009 - 2012 Intel Corporation.
2022-01-14 02:42:54.3492 kernel:[    1.858808] ixgbe: Intel(R) 10 Gigabit PCI Express Network Driver - version 5.1.0-k
2022-01-14 02:42:54.3492 kernel:[    1.858809] ixgbe: Copyright (c) 1999-2016 Intel Corporation.
2022-01-14 02:42:54.3492 kernel:[    1.858903] ixgbevf: Intel(R) 10 Gigabit PCI Express Virtual Function Network Driver - version 4.1.0-k
2022-01-14 02:42:54.3492 kernel:[    1.858904] ixgbevf: Copyright (c) 2009 - 2015 Intel Corporation.
2022-01-14 02:42:54.3492 kernel:[    1.858981] i40e: Intel(R) Ethernet Connection XL710 Network Driver - version 2.1.14-k
2022-01-14 02:42:54.3492 kernel:[    1.858982] i40e: Copyright (c) 2013 - 2014 Intel Corporation.
2022-01-14 02:42:54.3493 kernel:[    1.859101] i40e 0000:b5:00.0: enabling device (0100 -> 0102)
2022-01-14 02:42:54.3493 kernel:[    1.872608] i40e 0000:b5:00.0: fw 4.1.59148 api 1.9 nvm 4.11 0x80001d73 0.0.0
2022-01-14 02:42:54.3493 kernel:[    1.872610] i40e 0000:b5:00.0: The driver for the device detected a newer version of the NVM image than expected. Please install the most recent version of the network driver.
2022-01-14 02:42:54.3493 kernel:[    1.877085] i40e 0000:b5:00.0: MAC address: 00:00:00:00:03:14
2022-01-14 02:42:54.3493 kernel:[    1.884083] i40e 0000:b5:00.0: Added LAN device PF0 bus=0xb5 dev=0x00 func=0x00
2022-01-14 02:42:54.3493 kernel:[    1.884778] i40e 0000:b5:00.0: Features: PF-id[0] VFs: 32 VSIs: 34 QP: 24 RSS FD_ATR FD_SB NTUPLE VxLAN Geneve PTP VEPA
2022-01-14 02:42:54.3493 kernel:[    1.884800] i40e 0000:b5:00.1: enabling device (0100 -> 0102)
2022-01-14 02:42:54.3493 kernel:[    1.898160] i40e 0000:b5:00.1: fw 4.1.59148 api 1.9 nvm 4.11 0x80001d73 0.0.0
2022-01-14 02:42:54.3493 kernel:[    1.898161] i40e 0000:b5:00.1: The driver for the device detected a newer version of the NVM image than expected. Please install the most recent version of the network driver.
2022-01-14 02:42:54.3493 kernel:[    1.902637] i40e 0000:b5:00.1: MAC address: 00:00:00:00:03:15
2022-01-14 02:42:54.3493 kernel:[    1.909277] i40e 0000:b5:00.1: Added LAN device PF1 bus=0xb5 dev=0x00 func=0x01
2022-01-14 02:42:54.3493 kernel:[    1.909974] i40e 0000:b5:00.1: Features: PF-id[1] VFs: 32 VSIs: 34 QP: 24 RSS FD_ATR FD_SB NTUPLE VxLAN Geneve PTP VEPA
2022-01-14 02:42:54.3493 kernel:[    1.909995] i40e 0000:b5:00.2: enabling device (0100 -> 0102)
2022-01-14 02:42:54.3493 kernel:[    1.923169] i40e 0000:b5:00.2: fw 4.1.59148 api 1.9 nvm 4.11 0x80001d73 0.0.0
2022-01-14 02:42:54.3493 kernel:[    1.923170] i40e 0000:b5:00.2: The driver for the device detected a newer version of the NVM image than expected. Please install the most recent version of the network driver.
2022-01-14 02:42:54.3493 kernel:[    1.927295] i40e 0000:b5:00.2: MAC address: 00:00:00:00:03:16
2022-01-14 02:42:54.3493 kernel:[    1.934118] i40e 0000:b5:00.2: Added LAN device PF2 bus=0xb5 dev=0x00 func=0x02
2022-01-14 02:42:54.3493 kernel:[    1.934814] i40e 0000:b5:00.2: Features: PF-id[2] VFs: 32 VSIs: 34 QP: 24 RSS FD_ATR FD_SB NTUPLE VxLAN Geneve PTP VEPA
2022-01-14 02:42:54.3493 kernel:[    1.934834] i40e 0000:b5:00.3: enabling device (0100 -> 0102)
2022-01-14 02:42:54.3493 kernel:[    1.948028] i40e 0000:b5:00.3: fw 4.1.59148 api 1.9 nvm 4.11 0x80001d73 0.0.0
2022-01-14 02:42:54.3493 kernel:[    1.948030] i40e 0000:b5:00.3: The driver for the device detected a newer version of the NVM image than expected. Please install the most recent version of the network driver.
2022-01-14 02:42:54.3493 kernel:[    1.952552] i40e 0000:b5:00.3: MAC address: 00:00:00:00:03:17
2022-01-14 02:42:54.3493 kernel:[    1.959427] i40e 0000:b5:00.3: Added LAN device PF3 bus=0xb5 dev=0x00 func=0x03
2022-01-14 02:42:54.3493 kernel:[    1.960142] i40e 0000:b5:00.3: Features: PF-id[3] VFs: 32 VSIs: 34 QP: 24 RSS FD_ATR FD_SB NTUPLE VxLAN Geneve PTP VEPA
2022-01-14 02:42:54.3493 kernel:[    1.960160] ixgb: Intel(R) PRO/10GbE Network Driver - version 1.0.135-k2-NAPI
2022-01-14 02:42:54.3493 kernel:[    1.960161] ixgb: Copyright (c) 1999-2008 Intel Corporation.
2022-01-14 02:42:54.3493 kernel:[    1.960196] i40evf: Intel(R) 40-10 Gigabit Virtual Function Network Driver - version 3.0.0-k
2022-01-14 02:42:54.3493 kernel:[    1.960197] Copyright (c) 2013 - 2015 Intel Corporation.
2022-01-14 02:42:54.3493 kernel:[    1.960336] Intel(R) Ethernet Switch Host Interface Driver - version 0.21.7-k
2022-01-14 02:42:54.3493 kernel:[    1.960337] Copyright(c) 2013 - 2017 Intel Corporation.
2022-01-14 02:42:54.3493 kernel:[    1.960482] usbcore: registered new interface driver rtl8150
2022-01-14 02:42:54.3493 kernel:[    1.960489] usbcore: registered new interface driver r8152
2022-01-14 02:42:54.3493 kernel:[    1.960497] usbcore: registered new interface driver cdc_ether
2022-01-14 02:42:54.3493 kernel:[    1.960504] usbcore: registered new interface driver net1080
2022-01-14 02:42:54.3493 kernel:[    1.960510] usbcore: registered new interface driver cdc_subset
2022-01-14 02:42:54.3493 kernel:[    1.960516] usbcore: registered new interface driver zaurus
2022-01-14 02:42:54.3493 kernel:[    1.960528] usbcore: registered new interface driver cdc_ncm
2022-01-14 02:42:54.3493 kernel:[    1.960634] ehci_hcd: USB 2.0 'Enhanced' Host Controller (EHCI) Driver
2022-01-14 02:42:54.3493 kernel:[    1.960635] ehci-pci: EHCI PCI platform driver
2022-01-14 02:42:54.3493 kernel:[    1.960654] ohci_hcd: USB 1.1 'Open' Host Controller (OHCI) Driver
2022-01-14 02:42:54.3493 kernel:[    1.960655] ohci-pci: OHCI PCI platform driver
2022-01-14 02:42:54.3493 kernel:[    1.960673] uhci_hcd: USB Universal Host Controller Interface driver
2022-01-14 02:42:54.3493 kernel:[    1.960845] xhci_hcd 0000:00:14.0: xHCI Host Controller
2022-01-14 02:42:54.3493 kernel:[    1.960897] xhci_hcd 0000:00:14.0: new USB bus registered, assigned bus number 1
2022-01-14 02:42:54.3493 kernel:[    1.961995] xhci_hcd 0000:00:14.0: hcc params 0x200077c1 hci version 0x100 quirks 0x00009810
2022-01-14 02:42:54.3493 kernel:[    1.962459] usb usb1: New USB device found, idVendor=1d6b, idProduct=0002
2022-01-14 02:42:54.3493 kernel:[    1.962462] usb usb1: New USB device strings: Mfr=3, Product=2, SerialNumber=1
2022-01-14 02:42:54.3493 kernel:[    1.962463] usb usb1: Product: xHCI Host Controller
2022-01-14 02:42:54.3493 kernel:[    1.962465] usb usb1: Manufacturer: Linux 4.14.49-OpenNetworkLinux xhci-hcd
2022-01-14 02:42:54.3493 kernel:[    1.962466] usb usb1: SerialNumber: 0000:00:14.0
2022-01-14 02:42:54.3493 kernel:[    1.962685] hub 1-0:1.0: USB hub found
2022-01-14 02:42:54.3493 kernel:[    1.962730] hub 1-0:1.0: 16 ports detected
2022-01-14 02:42:54.3493 kernel:[    1.964636] xhci_hcd 0000:00:14.0: xHCI Host Controller
2022-01-14 02:42:54.3493 kernel:[    1.964696] xhci_hcd 0000:00:14.0: new USB bus registered, assigned bus number 2
2022-01-14 02:42:54.3493 kernel:[    1.964699] xhci_hcd 0000:00:14.0: Host supports USB 3.0  SuperSpeed
2022-01-14 02:42:54.3493 kernel:[    1.964959] usb usb2: New USB device found, idVendor=1d6b, idProduct=0003
2022-01-14 02:42:54.3493 kernel:[    1.964961] usb usb2: New USB device strings: Mfr=3, Product=2, SerialNumber=1
2022-01-14 02:42:54.3494 kernel:[    1.964962] usb usb2: Product: xHCI Host Controller
2022-01-14 02:42:54.3494 kernel:[    1.964964] usb usb2: Manufacturer: Linux 4.14.49-OpenNetworkLinux xhci-hcd
2022-01-14 02:42:54.3494 kernel:[    1.964965] usb usb2: SerialNumber: 0000:00:14.0
2022-01-14 02:42:54.3494 kernel:[    1.965077] hub 2-0:1.0: USB hub found
2022-01-14 02:42:54.3494 kernel:[    1.965109] hub 2-0:1.0: 10 ports detected
2022-01-14 02:42:54.3494 kernel:[    1.965260] usb: port power management may be unreliable
2022-01-14 02:42:54.3494 kernel:[    1.965826] usbcore: registered new interface driver cdc_acm
2022-01-14 02:42:54.3494 kernel:[    1.965827] cdc_acm: USB Abstract Control Model driver for USB modems and ISDN adapters
2022-01-14 02:42:54.3495 kernel:[    1.965842] usbcore: registered new interface driver usb-storage
2022-01-14 02:42:54.3495 kernel:[    1.965857] usbcore: registered new interface driver usbserial
2022-01-14 02:42:54.3495 kernel:[    1.965879] i8042: PNP: No PS/2 controller found.
2022-01-14 02:42:54.3495 kernel:[    1.966020] rtc_cmos 00:00: RTC can wake from S4
2022-01-14 02:42:54.3495 kernel:[    1.966270] rtc_cmos 00:00: rtc core: registered rtc_cmos as rtc0
2022-01-14 02:42:54.3495 kernel:[    1.966340] rtc_cmos 00:00: alarms up to one month, y3k, 114 bytes nvram, hpet irqs
2022-01-14 02:42:54.3495 kernel:[    1.966452] i2c /dev entries driver
2022-01-14 02:42:54.3495 kernel:[    1.966474] i801_smbus 0000:00:1f.4: enabling device (0001 -> 0003)
2022-01-14 02:42:54.3495 kernel:[    1.966568] i801_smbus 0000:00:1f.4: SPD Write Disable is set
2022-01-14 02:42:54.3495 kernel:[    1.966594] i801_smbus 0000:00:1f.4: SMBus using PCI interrupt
2022-01-14 02:42:54.3495 kernel:[    1.985942] iTCO_wdt: Intel TCO WatchDog Timer Driver v1.11
2022-01-14 02:42:54.3495 kernel:[    1.985967] iTCO_wdt: unable to reset NO_REBOOT flag, device disabled by hardware/BIOS
2022-01-14 02:42:54.3495 kernel:[    1.986104] device-mapper: ioctl: 4.37.0-ioctl (2017-09-20) initialised: dm-devel@redhat.com
2022-01-14 02:42:54.3495 kernel:[    1.986108] intel_pstate: Intel P-state driver initializing
2022-01-14 02:42:54.3495 kernel:[    1.987822] intel_pstate: HWP enabled
2022-01-14 02:42:54.3495 kernel:[    1.988091] dcdbas dcdbas: Dell Systems Management Base Driver (version 5.6.0-3.2)
2022-01-14 02:42:54.3495 kernel:[    1.988096] EFI Variables Facility v0.08 2004-May-17
2022-01-14 02:42:54.3495 kernel:[    2.001981] hidraw: raw HID events driver (C) Jiri Kosina
2022-01-14 02:42:54.3495 kernel:[    2.002097] usbcore: registered new interface driver usbhid
2022-01-14 02:42:54.3495 kernel:[    2.002097] usbhid: USB HID core driver
2022-01-14 02:42:54.3495 kernel:[    2.002171] NET: Registered protocol family 26
2022-01-14 02:42:54.3496 kernel:[    2.002174] Netfilter messages via NETLINK v0.30.
2022-01-14 02:42:54.3496 kernel:[    2.002176] nfnl_acct: registering with nfnetlink.
2022-01-14 02:42:54.3496 kernel:[    2.002288] nf_conntrack version 0.5.0 (65536 buckets, 262144 max)
2022-01-14 02:42:54.3496 kernel:[    2.002321] ctnetlink v0.93: registering with nfnetlink.
2022-01-14 02:42:54.3496 kernel:[    2.003848] xt_time: kernel timezone is -0000
2022-01-14 02:42:54.3496 kernel:[    2.003850] ip_set: protocol 6
2022-01-14 02:42:54.3496 kernel:[    2.003857] IPVS: Registered protocols (TCP, UDP, SCTP, AH, ESP)
2022-01-14 02:42:54.3496 kernel:[    2.003931] IPVS: Connection hash table configured (size=4096, memory=64Kbytes)
2022-01-14 02:42:54.3496 kernel:[    2.005587] IPVS: ipvs loaded.
2022-01-14 02:42:54.3496 kernel:[    2.005589] IPVS: [rr] scheduler registered.
2022-01-14 02:42:54.3496 kernel:[    2.005590] IPVS: [wrr] scheduler registered.
2022-01-14 02:42:54.3496 kernel:[    2.005591] IPVS: [lc] scheduler registered.
2022-01-14 02:42:54.3496 kernel:[    2.005592] IPVS: [wlc] scheduler registered.
2022-01-14 02:42:54.3496 kernel:[    2.005593] IPVS: [fo] scheduler registered.
2022-01-14 02:42:54.3496 kernel:[    2.005594] IPVS: [ovf] scheduler registered.
2022-01-14 02:42:54.3496 kernel:[    2.005600] IPVS: [lblc] scheduler registered.
2022-01-14 02:42:54.3496 kernel:[    2.005603] IPVS: [lblcr] scheduler registered.
2022-01-14 02:42:54.3496 kernel:[    2.005604] IPVS: [dh] scheduler registered.
2022-01-14 02:42:54.3496 kernel:[    2.005605] IPVS: [sh] scheduler registered.
2022-01-14 02:42:54.3496 kernel:[    2.005606] IPVS: [sed] scheduler registered.
2022-01-14 02:42:54.3496 kernel:[    2.005607] IPVS: [nq] scheduler registered.
2022-01-14 02:42:54.3496 kernel:[    2.005608] IPVS: [sip] pe registered.
2022-01-14 02:42:54.3496 kernel:[    2.005669] ipip: IPv4 and MPLS over IPv4 tunneling driver
2022-01-14 02:42:54.3496 kernel:[    2.005833] ip_tables: (C) 2000-2006 Netfilter Core Team
2022-01-14 02:42:54.3496 kernel:[    2.006761] ipt_CLUSTERIP: ClusterIP Version 0.8 loaded successfully
2022-01-14 02:42:54.3496 kernel:[    2.006768] arp_tables: arp_tables: (C) 2002 David S. Miller
2022-01-14 02:42:54.3496 kernel:[    2.006933] Initializing XFRM netlink socket
2022-01-14 02:42:54.3496 kernel:[    2.007071] NET: Registered protocol family 10
2022-01-14 02:42:54.3496 kernel:[    2.009715] Segment Routing with IPv6
2022-01-14 02:42:54.3496 kernel:[    2.009739] mip6: Mobile IPv6
2022-01-14 02:42:54.3496 kernel:[    2.009756] ip6_tables: (C) 2000-2006 Netfilter Core Team
2022-01-14 02:42:54.3497 kernel:[    2.010677] sit: IPv6, IPv4 and MPLS over IPv4 tunneling driver
2022-01-14 02:42:54.3497 kernel:[    2.010917] NET: Registered protocol family 17
2022-01-14 02:42:54.3497 kernel:[    2.010922] NET: Registered protocol family 15
2022-01-14 02:42:54.3497 kernel:[    2.010935] Bridge firewalling registered
2022-01-14 02:42:54.3497 kernel:[    2.010936] Ebtables v2.0 registered
2022-01-14 02:42:54.3497 kernel:[    2.011458] NET: Registered protocol family 33
2022-01-14 02:42:54.3497 kernel:[    2.011460] Key type rxrpc registered
2022-01-14 02:42:54.3497 kernel:[    2.011461] Key type rxrpc_s registered
2022-01-14 02:42:54.3497 kernel:[    2.011471] 8021q: 802.1Q VLAN Support v1.8
2022-01-14 02:42:54.3497 kernel:[    2.011487] sctp: Hash tables configured (bind 2048/2048)
2022-01-14 02:42:54.3497 kernel:[    2.011572] Key type dns_resolver registered
2022-01-14 02:42:54.3497 kernel:[    2.011577] Key type ceph registered
2022-01-14 02:42:54.3497 kernel:[    2.011705] libceph: loaded (mon/osd proto 15/24)
2022-01-14 02:42:54.3497 kernel:[    2.013893] microcode: sig=0x50654, pf=0x10, revision=0x2000065
2022-01-14 02:42:54.3497 kernel:[    2.014212] microcode: Microcode Update Driver: v2.2.
2022-01-14 02:42:54.3497 kernel:[    2.014221] sched_clock: Marking stable (2014199820, 0)->(2095509092, -81309272)
2022-01-14 02:42:54.3497 kernel:[    2.014692] registered taskstats version 1
2022-01-14 02:42:54.3497 kernel:[    2.016024] rtc_cmos 00:00: setting system clock to 2022-01-14 02:41:27 UTC (1642128087)
2022-01-14 02:42:54.3497 kernel:[    2.016026] BIOS EDD facility v0.16 2004-Jun-25, 0 devices found
2022-01-14 02:42:54.3497 kernel:[    2.016027] EDD information not available.
2022-01-14 02:42:54.3497 kernel:[    2.300173] usb 2-7: new SuperSpeed USB device number 2 using xhci_hcd
2022-01-14 02:42:54.3497 kernel:[    2.321087] usb 2-7: New USB device found, idVendor=0781, idProduct=5583
2022-01-14 02:42:54.3497 kernel:[    2.321092] usb 2-7: New USB device strings: Mfr=1, Product=2, SerialNumber=3
2022-01-14 02:42:54.3497 kernel:[    2.321095] usb 2-7: Product:  SanDisk 3.2Gen1
2022-01-14 02:42:54.3497 kernel:[    2.321098] usb 2-7: Manufacturer:  USB
2022-01-14 02:42:54.3497 kernel:[    2.321100] usb 2-7: SerialNumber: 0101bb23290babf6bd1cee183077268ba101d4493f553bb083b06c54096df73aca2a0000000000000000000018f3898dff0c06008355810712aa49b2
2022-01-14 02:42:54.3497 kernel:[    2.321665] usb-storage 2-7:1.0: USB Mass Storage device detected
2022-01-14 02:42:54.3497 kernel:[    2.322080] scsi host8: usb-storage 2-7:1.0
2022-01-14 02:42:54.3498 kernel:[    2.620304] clocksource: Switched to clocksource tsc
2022-01-14 02:42:54.3498 kernel:[    3.324663] scsi 8:0:0:0: Direct-Access      USB      SanDisk 3.2Gen1 1.00 PQ: 0 ANSI: 6
2022-01-14 02:42:54.3498 kernel:[    3.324906] sd 8:0:0:0: Attached scsi generic sg0 type 0
2022-01-14 02:42:54.3498 kernel:[    3.325183] sd 8:0:0:0: [sda] 240353280 512-byte logical blocks: (123 GB/115 GiB)
2022-01-14 02:42:54.3498 kernel:[    3.325559] sd 8:0:0:0: [sda] Write Protect is off
2022-01-14 02:42:54.3498 kernel:[    3.325925] sd 8:0:0:0: [sda] Write cache: disabled, read cache: enabled, doesn't support DPO or FUA
2022-01-14 02:42:54.3498 kernel:[    3.331714]  sda: sda1
2022-01-14 02:42:54.3498 kernel:[    3.332858] sd 8:0:0:0: [sda] Attached SCSI removable disk
2022-01-14 02:42:54.3498 kernel:[    6.876077] ata7.00: qc timeout (cmd 0x47)
2022-01-14 02:42:54.3498 kernel:[    6.876086] ata7.00: READ LOG DMA EXT failed, trying PIO
2022-01-14 02:42:54.3498 kernel:[    6.876088] ata7.00: NCQ Send/Recv Log not supported
2022-01-14 02:42:54.3498 kernel:[    6.876092] ata7.00: ATA-10: M.2 (S42) 3ME4, L17606, max UDMA/133
2022-01-14 02:42:54.3498 kernel:[    6.876095] ata7.00: 250069680 sectors, multi 1: LBA48 NCQ (depth 31/32), AA
2022-01-14 02:42:54.3498 kernel:[    6.876104] ata7.00: failed to set xfermode (err_mask=0x40)
2022-01-14 02:42:54.3498 kernel:[    6.881706] ata8.00: qc timeout (cmd 0x47)
2022-01-14 02:42:54.3498 kernel:[    6.881719] ata8.00: READ LOG DMA EXT failed, trying PIO
2022-01-14 02:42:54.3498 kernel:[    6.881722] ata8.00: NCQ Send/Recv Log not supported
2022-01-14 02:42:54.3498 kernel:[    6.881725] ata8.00: ATA-10: M.2 (S42) 3ME4, L17606, max UDMA/133
2022-01-14 02:42:54.3498 kernel:[    6.881728] ata8.00: 250069680 sectors, multi 1: LBA48 NCQ (depth 31/32), AA
2022-01-14 02:42:54.3498 kernel:[    6.881737] ata8.00: failed to set xfermode (err_mask=0x40)
2022-01-14 02:42:54.3498 kernel:[    7.199454] ata7: SATA link up 6.0 Gbps (SStatus 133 SControl 300)
2022-01-14 02:42:54.3498 kernel:[    7.203465] ata8: SATA link up 6.0 Gbps (SStatus 133 SControl 300)
2022-01-14 02:42:54.3498 kernel:[    7.209594] ata7.00: NCQ Send/Recv Log not supported
2022-01-14 02:42:54.3498 kernel:[    7.213602] ata8.00: NCQ Send/Recv Log not supported
2022-01-14 02:42:54.3498 kernel:[    7.224960] ata7.00: NCQ Send/Recv Log not supported
2022-01-14 02:42:54.3498 kernel:[    7.224967] ata7.00: configured for UDMA/133
2022-01-14 02:42:54.3498 kernel:[    7.225287] scsi 6:0:0:0: Direct-Access     ATA      M.2 (S42) 3ME4   06   PQ: 0 ANSI: 5
2022-01-14 02:42:54.3498 kernel:[    7.225716] sd 6:0:0:0: Attached scsi generic sg1 type 0
2022-01-14 02:42:54.3498 kernel:[    7.225957] sd 6:0:0:0: [sdb] 250069680 512-byte logical blocks: (128 GB/119 GiB)
2022-01-14 02:42:54.3498 kernel:[    7.225997] sd 6:0:0:0: [sdb] Write Protect is off
2022-01-14 02:42:54.3498 kernel:[    7.226076] sd 6:0:0:0: [sdb] Write cache: enabled, read cache: enabled, doesn't support DPO or FUA
2022-01-14 02:42:54.3498 kernel:[    7.228228]  sdb: sdb1 sdb2 sdb3 sdb4 sdb5 sdb6 sdb7 sdb8 sdb9 sdb10 sdb11
2022-01-14 02:42:54.3498 kernel:[    7.228976] ata8.00: NCQ Send/Recv Log not supported
2022-01-14 02:42:54.3498 kernel:[    7.228982] ata8.00: configured for UDMA/133
2022-01-14 02:42:54.3498 kernel:[    7.229206] scsi 7:0:0:0: Direct-Access     ATA      M.2 (S42) 3ME4   06   PQ: 0 ANSI: 5
2022-01-14 02:42:54.3498 kernel:[    7.229365] sd 6:0:0:0: [sdb] Attached SCSI disk
2022-01-14 02:42:54.3498 kernel:[    7.229501] sd 7:0:0:0: Attached scsi generic sg2 type 0
2022-01-14 02:42:54.3498 kernel:[    7.229608] sd 7:0:0:0: [sdc] 250069680 512-byte logical blocks: (128 GB/119 GiB)
2022-01-14 02:42:54.3499 kernel:[    7.229638] sd 7:0:0:0: [sdc] Write Protect is off
2022-01-14 02:42:54.3499 kernel:[    7.229697] sd 7:0:0:0: [sdc] Write cache: enabled, read cache: enabled, doesn't support DPO or FUA
2022-01-14 02:42:54.3499 kernel:[    7.230819] sd 7:0:0:0: [sdc] Attached SCSI disk
2022-01-14 02:42:54.3499 kernel:[    7.233119] Freeing unused kernel memory: 1124K
2022-01-14 02:42:54.3499 kernel:[    7.233121] Write protecting the kernel read-only data: 20480k
2022-01-14 02:42:54.3499 kernel:[    7.234043] Freeing unused kernel memory: 2004K
2022-01-14 02:42:54.3500 kernel:[    7.237248] Freeing unused kernel memory: 668K
2022-01-14 02:42:54.3500 kernel:[    7.474717] igb 0000:02:00.0 ma1: renamed from eth0
2022-01-14 02:42:54.3500 kernel:[    7.516370] ip (3550) used greatest stack depth: 13184 bytes left
2022-01-14 02:42:54.3500 kernel:[    8.487263] random: onl-mounts: uninitialized urandom read (16 bytes read)
2022-01-14 02:42:54.3500 kernel:[    8.614994] random: fast init done
2022-01-14 02:42:54.3500 kernel:[    9.438157] random: onl-mounts: uninitialized urandom read (16 bytes read)
2022-01-14 02:42:54.3500 kernel:[    9.451787] random: blkid: uninitialized urandom read (6 bytes read)
2022-01-14 02:42:54.3500 kernel:[    9.475263] EXT4-fs (sdb9): mounted filesystem with ordered data mode. Opts: (null)
2022-01-14 02:42:54.3500 kernel:[    9.485761] EXT4-fs (sdb11): mounted filesystem with ordered data mode. Opts: (null)
2022-01-14 02:42:54.3500 kernel:[    9.495784] EXT4-fs (sdb7): mounted filesystem with ordered data mode. Opts: (null)
2022-01-14 02:42:54.3500 kernel:[    9.504092] EXT4-fs (sdb10): mounted filesystem with ordered data mode. Opts: (null)
2022-01-14 02:42:54.3500 kernel:[    9.521004] EXT4-fs (sdb8): mounted filesystem with ordered data mode. Opts: (null)
2022-01-14 02:42:54.3500 kernel:[    9.574388] urandom_read: 4 callbacks suppressed
2022-01-14 02:42:54.3500 kernel:[    9.574390] random: onl-pki: uninitialized urandom read (16 bytes read)
2022-01-14 02:42:54.3500 kernel:[    9.677966] EXT4-fs (sdb8): re-mounted. Opts: (null)
2022-01-14 02:42:54.3500 kernel:[    9.684244] EXT4-fs (sdb8): re-mounted. Opts: (null)
2022-01-14 02:42:54.3500 kernel:[    9.716544] EXT4-fs (sdb8): re-mounted. Opts: (null)
2022-01-14 02:42:54.3500 kernel:[    9.721743] EXT4-fs (sdb8): re-mounted. Opts: (null)
2022-01-14 02:42:54.3500 kernel:[   12.798487] IPv6: ADDRCONF(NETDEV_UP): ma1: link is not ready
2022-01-14 02:42:54.3500 kernel:[   12.798489] 8021q: adding VLAN 0 to HW filter on device ma1
2022-01-14 02:42:54.3500 kernel:[   12.798562] ip (3689) used greatest stack depth: 13152 bytes left
2022-01-14 02:42:54.3500 kernel:[   12.807786] random: mktemp: uninitialized urandom read (6 bytes read)
2022-01-14 02:42:54.3500 kernel:[   12.869843] random: swiget: uninitialized urandom read (16 bytes read)
2022-01-14 02:42:54.3500 kernel:[   13.071919] random: crng init done
2022-01-14 02:42:54.3500 kernel:[   75.272158] EXT4-fs (sdb11): re-mounted. Opts: data=ordered
2022-01-14 02:42:54.3500 kernel:[   86.827944] EXT4-fs (sdb9): mounted filesystem with ordered data mode. Opts: (null)
2022-01-14 02:42:54.3500 kernel:[   86.844230] EXT4-fs (sdb7): mounted filesystem with ordered data mode. Opts: (null)
2022-01-14 02:42:54.3500 kernel:[   86.858495] EXT4-fs (sdb10): mounted filesystem with ordered data mode. Opts: (null)
2022-01-14 02:42:54.3500 kernel:[   86.888995] EXT4-fs (sdb8): mounted filesystem with ordered data mode. Opts: (null)
2022-01-14 02:42:54.3500 kernel:[   87.042521] gpio_suio: loading out-of-tree module taints kernel.
2022-01-14 02:42:54.3500 kernel:[   87.043089] suio_gpio driver init.
2022-01-14 02:42:54.3500 kernel:[   87.051564] #### [nct6775_find][544]:Device ID:0xD2B3
2022-01-14 02:42:54.3500 kernel:[   87.051566] #### [nct6775_find][579]:SIO_NCT5525_ID
2022-01-14 02:42:54.3500 kernel:[   87.051567] #### [nct6775_find][590]:
2022-01-14 02:42:54.3500 kernel:[   87.051579] #### [nct6775_find][592]:=== DEV B ====
2022-01-14 02:42:54.3500 kernel:[   87.051587] #### [nct6775_find][593]:DevB_CR30:0x1
2022-01-14 02:42:54.3501 kernel:[   87.051601] #### [nct6775_find][598]:SMBus Base Address:0xA40
2022-01-14 02:42:54.3501 kernel:[   87.051615] #### [nct6775_find][615]:SMBCLK:0x7
2022-01-14 02:42:54.3501 kernel:[   87.051623] #### [nct6775_debug_dump][517]:==== debug bump ====
2022-01-14 02:42:54.3501 kernel:[   87.051631] #### [nct6775_debug_dump][518]:CR1A:0x0
2022-01-14 02:42:54.3501 kernel:[   87.051639] #### [nct6775_debug_dump][519]:CR1B:0x3
2022-01-14 02:42:54.3501 kernel:[   87.051647] #### [nct6775_debug_dump][520]:CR2A:0x1
2022-01-14 02:42:54.3501 kernel:[   87.051655] #### [nct6775_debug_dump][522]:CR26:0x10
2022-01-14 02:42:54.3501 kernel:[   87.051662] #### [nct6775_debug_dump][523]:CR2F:0x4
2022-01-14 02:42:54.3501 kernel:[   87.051664] #### [nct6775_debug_dump][524]:==== debug bump ====
2022-01-14 02:42:54.3501 kernel:[   87.051676] Found NCT5525D or compatible chip at 0x2e:0xa40
2022-01-14 02:42:54.3501 kernel:[   87.072642] #### [nct6775_find][544]:Device ID:0xFFFF
2022-01-14 02:42:54.3501 kernel:[   87.081587] at24 1-0050: 256 byte 24c02 EEPROM, writable, 1 bytes/write
2022-01-14 02:42:54.3501 kernel:[   87.081590] at24 1-0050: Falling back to word reads, performance will suffer
2022-01-14 02:42:54.3501 kernel:[   87.081613] i2c i2c-1: new_device: Instantiated device 24c02 at 0x50
2022-01-14 02:42:54.3501 kernel:[   87.101653] ae_fpga 0000:66:00.0: enabling device (0100 -> 0102)
2022-01-14 02:42:54.3501 kernel:[   87.101752] ae_fpga 0000:66:00.0: fpga device 0 registered 
2022-01-14 02:42:54.3501 kernel:[   87.102204] ae_fpga probe ok
2022-01-14 02:42:54.3501 kernel:[   87.420887] EXT4-fs (sdb8): re-mounted. Opts: (null)
2022-01-14 02:42:54.3501 kernel:[   87.428719] EXT4-fs (sdb8): re-mounted. Opts: (null)
2022-01-14 02:42:54.3501 kernel:[   87.471781] EXT4-fs (sdb8): re-mounted. Opts: (null)
2022-01-14 02:42:54.3501 kernel:[   87.479811] EXT4-fs (sdb8): re-mounted. Opts: (null)
2022-01-14 02:42:54.3501 kernel:[   88.657246] bf device class created
2022-01-14 02:42:54.3501 kernel:[   88.657248] Use MSI interrupt
2022-01-14 02:42:54.3501 kernel:[   88.657307] bf 0000:65:00.0: enabling device (0100 -> 0102)
2022-01-14 02:42:54.3501 kernel:[   88.657676] BF allocating 2 MSI vectors from  383
2022-01-14 02:42:54.3501 kernel:[   88.657679] bf 0000:65:00.0: bf device 0 registered with irq 383
2022-01-14 02:42:54.3501 kernel:[   88.657680] bf probe ok
2022-01-14 02:42:54.3501 kernel:[   88.661182] BF_FPGA interrupt disabled
2022-01-14 02:42:54.3501 kernel:[   88.790612] igb 0000:67:00.0 enp103s0: renamed from eth1
2022-01-14 02:42:54.3513 kernel:[   88.867299] emlog:emlog_init: version 0.70 running, major is 239, MINOR is 1, max size 32768 K.
2022-01-14 02:42:54.3840 kernel:[   88.896782] i40e 0000:b5:00.2 enp181s0f2: renamed from eth4
2022-01-14 02:42:54.4000 kernel:[   88.912879] i40e 0000:b5:00.0 enp181s0f0: renamed from eth2
2022-01-14 02:42:54.4141 usbmount[6391]: /dev/sda does not contain a filesystem or disklabel
2022-01-14 02:42:54.4440 kernel:[   88.956462] i40e 0000:b5:00.1 enp181s0f1: renamed from eth3
2022-01-14 02:42:54.4760 kernel:[   88.988282] i40e 0000:b5:00.3 enp181s0f3: renamed from eth5
2022-01-14 02:42:56.2641 kernel:[   90.777244] IPv6: ADDRCONF(NETDEV_UP): tap0: link is not ready
2022-01-14 02:42:56.4493 onlp-svc[7270]: level=info msg="Starting onlp-svc gRPC server"
2022-01-14 02:42:56.4496 onlp-svc[7270]: level=info msg="Initializing the Platform modules"
2022-01-14 02:42:57.4921 kernel:[   92.004763] device enp181s0f0 entered promiscuous mode
2022-01-14 02:42:57.4921 kernel:[   92.006316] i40e 0000:b5:00.0 enp181s0f0: changing MTU from 1500 to 9702
2022-01-14 02:42:57.5000 kernel:[   92.015825] IPv6: ADDRCONF(NETDEV_UP): enp181s0f0: link is not ready
2022-01-14 02:42:57.5000 kernel:[   92.015828] 8021q: adding VLAN 0 to HW filter on device enp181s0f0
2022-01-14 02:42:57.5040 kernel:[   92.016222] ip (7454) used greatest stack depth: 12880 bytes left
2022-01-14 02:42:57.5520 kernel:[   92.066434] igb 0000:02:00.0 unk: renamed from ma1
2022-01-14 02:42:57.6440 kernel:[   92.159081] igb 0000:67:00.0 ma1: renamed from enp103s0
2022-01-14 02:42:57.7600 kernel:[   92.272978] IPv6: ADDRCONF(NETDEV_UP): ma1: link is not ready
2022-01-14 02:42:57.7601 kernel:[   92.272981] 8021q: adding VLAN 0 to HW filter on device ma1
2022-01-14 02:42:58.0480 kernel:[   92.561066] IPv6: ADDRCONF(NETDEV_UP): ma1: link is not ready
2022-01-14 02:42:58.0481 kernel:[   92.561068] 8021q: adding VLAN 0 to HW filter on device ma1
2022-01-14 02:42:58.1240 kernel:[   92.638914] IPv6: ADDRCONF(NETDEV_UP): tap0: link is not ready
2022-01-14 02:42:59.4744 usbmount[6871]: executing command: mount -tvfat -onoexec,nodev,noatime,nodiratime /dev/sda1 /media/usb0
2022-01-14 02:42:59.4806 kernel:[   93.996377] FAT-fs (sda1): Volume was not properly unmounted. Some data may be corrupt. Please run fsck.
2022-01-14 02:42:59.4861 usbmount[6871]: executing command: run-parts /etc/usbmount/mount.d
2022-01-14 02:43:00.8440 kernel:[   95.356642] igb 0000:67:00.0 ma1: igb: ma1 NIC Link is Up 1000 Mbps Full Duplex, Flow Control: RX/TX
2022-01-14 02:43:00.8440 kernel:[   95.356907] IPv6: ADDRCONF(NETDEV_CHANGE): ma1: link becomes ready
2022-01-14 02:43:12.5905 onlp-svc[7270]: level=info msg="Done - Initializing the Platform modules"
2022-01-14 02:46:20.3697 kernel:[  294.884661] IPv6: ADDRCONF(NETDEV_UP): calia55ff97ce09: link is not ready
2022-01-14 02:46:20.3697 kernel:[  294.884799] IPv6: ADDRCONF(NETDEV_UP): eth0: link is not ready
2022-01-14 02:46:20.3697 kernel:[  294.884804] IPv6: ADDRCONF(NETDEV_CHANGE): eth0: link becomes ready
2022-01-14 02:46:20.3697 kernel:[  294.884839] IPv6: ADDRCONF(NETDEV_CHANGE): calia55ff97ce09: link becomes ready
2022-01-14 02:46:22.2760 kernel:[  296.790401] IPv6: ADDRCONF(NETDEV_UP): calic6614f1b3cc: link is not ready
2022-01-14 02:46:22.2761 kernel:[  296.790635] IPv6: ADDRCONF(NETDEV_UP): eth0: link is not ready
2022-01-14 02:46:22.2761 kernel:[  296.790644] IPv6: ADDRCONF(NETDEV_CHANGE): eth0: link becomes ready
2022-01-14 02:46:22.2761 kernel:[  296.790704] IPv6: ADDRCONF(NETDEV_CHANGE): calic6614f1b3cc: link becomes ready
2022-01-14 02:46:24.4320 kernel:[  298.946339] IPv6: ADDRCONF(NETDEV_UP): cali274f4f9a9b6: link is not ready
2022-01-14 02:46:24.4321 kernel:[  298.946605] IPv6: ADDRCONF(NETDEV_UP): eth0: link is not ready
2022-01-14 02:46:24.4321 kernel:[  298.946617] IPv6: ADDRCONF(NETDEV_CHANGE): eth0: link becomes ready
2022-01-14 02:46:24.4321 kernel:[  298.946677] IPv6: ADDRCONF(NETDEV_CHANGE): cali274f4f9a9b6: link becomes ready
2022-01-14 02:46:27.4228 kernel:[  301.937927] IPv6: ADDRCONF(NETDEV_UP): calibde0cbbdb0c: link is not ready
2022-01-14 02:46:27.4228 kernel:[  301.938027] IPv6: ADDRCONF(NETDEV_UP): eth0: link is not ready
2022-01-14 02:46:27.4228 kernel:[  301.938031] IPv6: ADDRCONF(NETDEV_CHANGE): eth0: link becomes ready
2022-01-14 02:46:27.4228 kernel:[  301.938059] IPv6: ADDRCONF(NETDEV_CHANGE): calibde0cbbdb0c: link becomes ready
2022-01-14 02:46:37.6680 kernel:[  312.182031] IPv6: ADDRCONF(NETDEV_UP): calida4703a0a82: link is not ready
2022-01-14 02:46:37.6681 kernel:[  312.182242] IPv6: ADDRCONF(NETDEV_UP): eth0: link is not ready
2022-01-14 02:46:37.6681 kernel:[  312.182252] IPv6: ADDRCONF(NETDEV_CHANGE): eth0: link becomes ready
2022-01-14 02:46:37.6681 kernel:[  312.182305] IPv6: ADDRCONF(NETDEV_CHANGE): calida4703a0a82: link becomes ready
2022-01-14 02:46:38.0943 kernel:[  312.608686] IPv6: ADDRCONF(NETDEV_UP): cali7977113cd86: link is not ready
2022-01-14 02:46:38.0943 kernel:[  312.608979] IPv6: ADDRCONF(NETDEV_CHANGE): cali7977113cd86: link becomes ready
2022-01-14 02:46:38.6409 svcplane-agent[8]: {"Level":"info","LogID":4004,"Msg":"Go Version: [go1.17.3], OS/Arch: [linux/amd64]"}
2022-01-14 02:46:38.6418 svcplane-agent[8]: {"Level":"info","LogID":4005,"Msg":"Starting microservice [svcplane-agent]\n"}
2022-01-14 02:46:38.8572 packet-mgr[7]: {"Level":"info","LogID":4004,"Msg":"Go Version: [go1.17.3], OS/Arch: [linux/amd64]"}
2022-01-14 02:46:38.8582 packet-mgr[7]: {"Level":"info","LogID":4005,"Msg":"Starting microservice [packet-mgr]\n"}
2022-01-14 02:46:38.9901 kernel:[  313.504595] IPv6: ADDRCONF(NETDEV_UP): cali8abc701d0d9: link is not ready
2022-01-14 02:46:38.9901 kernel:[  313.504740] IPv6: ADDRCONF(NETDEV_UP): eth0: link is not ready
2022-01-14 02:46:38.9901 kernel:[  313.504750] IPv6: ADDRCONF(NETDEV_CHANGE): eth0: link becomes ready
2022-01-14 02:46:38.9901 kernel:[  313.504810] IPv6: ADDRCONF(NETDEV_CHANGE): cali8abc701d0d9: link becomes ready
2022-01-14 02:46:39.3720 kernel:[  313.887669] IPv6: ADDRCONF(NETDEV_UP): cali9c34e3240c8: link is not ready
2022-01-14 02:46:39.3721 kernel:[  313.887898] IPv6: ADDRCONF(NETDEV_CHANGE): cali9c34e3240c8: link becomes ready
